***********************************************
Report          : create_qor_snapshot (08_chip_finish)
Design          : khu_sensor_pad
Version         : N-2017.09
Date            : Thu Nov 19 20:53:19 2020
Time unit       : 1.0e-09 Second(ns)
Capacitance unit: 1.0e-12 Farad(pF)
Voltage unit    : 1 Volt
Power unit      : 1.0e-03 Watt(mW)
Location        : /home/VLSI_graduated_2020/2015104027/khu_sensor_65n/03_Physical_Synthesis/snapshot
***********************************************
No. of scenario = 2
s1 = func1_wst
s2 = func1_bst
------------------------------------------------------------------------
WNS of each timing group:                       s1        s2 
------------------------------------------------------------------------
------------------------------------------------------------------------
Setup WNS:                                       -    2.9788     -0.0000 
Setup TNS:                                       -       0.0     -0.0000
Number of setup violations:                      -         0           0 
Hold WNS:                                        -   -0.0633     -0.0633 
Hold TNS:                                        -   -4.3965     -4.3965 
Number of hold violations:                       -       382         382 
Number of max trans violations:                  -         0           0 
Number of max cap violations:                    -         0           0 
Number of min pulse width violations:            -         0           0 
Route drc violations:                                                 29
------------------------------------------------------------------------
Area:                                                             128840
Cell count:                                                        31612
Buf/inv cell count:                                                 6917
Std cell utilization:                                             12.04%
CPU/ELAPSE(hr):                                                0.22/0.55
Mem(Mb):                                                            1015
Host name:                                           vlsi-dist.khu.ac.kr
------------------------------------------------------------------------
Histogram:             s1   s2 
------------------------------------------------------------------------
Max violations:         0    0 
   above ~ -0.7  ---    0    0 
    -0.6 ~ -0.7  ---    0    0 
    -0.5 ~ -0.6  ---    0    0 
    -0.4 ~ -0.5  ---    0    0 
    -0.3 ~ -0.4  ---    0    0 
    -0.2 ~ -0.3  ---    0    0 
    -0.1 ~ -0.2  ---    0    0 
       0 ~ -0.1  ---    0    0 
------------------------------------------------------------------------
Min violations:         0  382 
  -0.06 ~ above  ---    0    1 
  -0.05 ~ -0.06  ---    0    0 
  -0.04 ~ -0.05  ---    0    0 
  -0.03 ~ -0.04  ---    0    7 
  -0.02 ~ -0.03  ---    0   47 
  -0.01 ~ -0.02  ---    0  143 
      0 ~ -0.01  ---    0  184 
------------------------------------------------------------------------
Snapshot report (snap.rpt) is created and can be viewed using file "/home/VLSI_graduated_2020/2015104027/khu_sensor_65n/03_Physical_Synthesis/snapshot/snap.rpt.html"
1
