 
****************************************
Report : net fanout
        -threshold 100
Design : khu_sensor_pad
Scenario(s): funccts_wst
Version: N-2017.09
Date   : Thu Nov 19 19:32:46 2020
****************************************


Operating Conditions: ss_1p08v_125c   Library: scmetro_cmos10lp_rvt_ss_1p08v_125c_sadhm
Wire Load Model Mode: top


Attributes:
   dr - drc disabled
    c - annotated capacitance
    d - dont_touch
    i - ideal_net
    I - ideal_network
    p - includes pin load
    r - annotated resistance
    h - high fanout

Net                 Fanout   Attributes   Capacitance   Driver
--------------------------------------------------------------------------------
khu_sensor_top/ads1292_controller/N79
                       115   d, I             0.00      khu_sensor_top/ads1292_controller/async_rstn_synchronizer/o_RSTN_reg/Q
khu_sensor_top/ads1292_filter/N17
                       215   d, I             0.00      khu_sensor_top/ads1292_filter/async_rstn_synchronizer/o_RSTN_reg/Q
khu_sensor_top/sensor_core/N116
                       265   d, I             0.00      khu_sensor_top/sensor_core/U651/Y
khu_sensor_top/ads1292_filter/iir_hpf/w_rstn
                       235   d, I             0.00      khu_sensor_top/ads1292_filter/iir_hpf/async_rstn_synchronizer/o_RSTN_reg/Q
khu_sensor_top/ads1292_filter/iir_notch/w_rstn
                       609   d, I             0.00      khu_sensor_top/ads1292_filter/iir_notch/async_rstn_synchronizer/o_RSTN_reg/Q
khu_sensor_top/ads1292_filter/iir_lpf/w_rstn
                       333   d, I             0.00      khu_sensor_top/ads1292_filter/iir_lpf/async_rstn_synchronizer/o_RSTN_reg/Q
khu_sensor_top/ads1292_filter/converter_i2f/net18840
                       101                    0.18      khu_sensor_top/ads1292_filter/converter_i2f/*cell*167462/**logic_1**
khu_sensor_top/ads1292_filter/iir_hpf/add/net18902
                       104                    0.19      khu_sensor_top/ads1292_filter/iir_hpf/add/*cell*167524/**logic_1**
khu_sensor_top/ads1292_filter/iir_notch/add_2/net18909
                       104                    0.19      khu_sensor_top/ads1292_filter/iir_notch/add_2/*cell*167531/**logic_1**
khu_sensor_top/ads1292_filter/iir_notch/add_1/net18910
                       104                    0.19      khu_sensor_top/ads1292_filter/iir_notch/add_1/*cell*167532/**logic_1**
khu_sensor_top/ads1292_filter/iir_lpf/mult_1/net18929
                       160                    0.29      khu_sensor_top/ads1292_filter/iir_lpf/mult_1/*cell*167551/**logic_1**
khu_sensor_top/ads1292_filter/iir_lpf/add/net18930
                       104                    0.19      khu_sensor_top/ads1292_filter/iir_lpf/add/*cell*167552/**logic_1**
1
