***********************************************
Report          : create_qor_snapshot (04_clock_opt_cts)
Design          : khu_sensor_pad
Version         : N-2017.09
Date            : Thu Nov 19 19:32:46 2020
Time unit       : 1.0e-09 Second(ns)
Capacitance unit: 1.0e-12 Farad(pF)
Voltage unit    : 1 Volt
Power unit      : 1.0e-03 Watt(mW)
Location        : /home/VLSI_graduated_2020/2015104027/khu_sensor_65n/03_Physical_Synthesis/snapshot
***********************************************
No. of scenario = 1
s1 = funccts_wst
--------------------------------------------------
WNS of each timing group:                       s1 
--------------------------------------------------
**clock_gating_default**                   -3.3455 
REGOUT                                     -3.0113 
clk                                        -9.8857 
--------------------------------------------------
Setup WNS:                                 -9.8857 
Setup TNS:                               -3339.2959
Number of setup violations:                   1661  
Hold WNS:                                  -0.4478  
Hold TNS:                                -284.1894  
Number of hold violations:                    1945  
Number of max trans violations:               1042  
Number of max cap violations:                  149  
Number of min pulse width violations:            0  
Route drc violations:                            0
--------------------------------------------------
Area:                                       100492
Cell count:                                  27345
Buf/inv cell count:                           3167
Std cell utilization:                        9.39%
CPU/ELAPSE(hr):                          0.04/0.07
Mem(Mb):                                       804
Host name:                               vlsi-dist.khu.ac.kr
--------------------------------------------------
Histogram:             s1 
--------------------------------------------------
Max violations:      1661 
   above ~ -0.7  --- 1260 
    -0.6 ~ -0.7  ---   82 
    -0.5 ~ -0.6  ---   81 
    -0.4 ~ -0.5  ---   56 
    -0.3 ~ -0.4  ---   45 
    -0.2 ~ -0.3  ---   51 
    -0.1 ~ -0.2  ---   44 
       0 ~ -0.1  ---   42 
--------------------------------------------------
Min violations:      1945 
  -0.06 ~ above  --- 1516 
  -0.05 ~ -0.06  ---   79 
  -0.04 ~ -0.05  ---   58 
  -0.03 ~ -0.04  ---   67 
  -0.02 ~ -0.03  ---   78 
  -0.01 ~ -0.02  ---   74 
      0 ~ -0.01  ---   73 
--------------------------------------------------
Snapshot report (snap.rpt) is created and can be viewed using file "/home/VLSI_graduated_2020/2015104027/khu_sensor_65n/03_Physical_Synthesis/snapshot/snap.rpt.html"
1
