 
****************************************
Report : qor
Design : khu_sensor_pad
Version: L-2016.03-SP5-5
Date   : Sat Nov 14 08:56:45 2020
****************************************


  Timing Path Group 'REGIN'
  -----------------------------------
  Levels of Logic:               6.00
  Critical Path Length:          1.53
  Critical Path Slack:           2.01
  Critical Path Clk Period:      4.20
  Total Negative Slack:          0.00
  No. of Violating Paths:        0.00
  Worst Hold Violation:          0.00
  Total Hold Violation:          0.00
  No. of Hold Violations:        0.00
  -----------------------------------

  Timing Path Group 'REGOUT'
  -----------------------------------
  Levels of Logic:               1.00
  Critical Path Length:          3.12
  Critical Path Slack:           0.29
  Critical Path Clk Period:      4.20
  Total Negative Slack:          0.00
  No. of Violating Paths:        0.00
  Worst Hold Violation:          0.00
  Total Hold Violation:          0.00
  No. of Hold Violations:        0.00
  -----------------------------------

  Timing Path Group 'clk'
  -----------------------------------
  Levels of Logic:              11.00
  Critical Path Length:          3.51
  Critical Path Slack:           0.00
  Critical Path Clk Period:      4.20
  Total Negative Slack:          0.00
  No. of Violating Paths:        0.00
  Worst Hold Violation:          0.00
  Total Hold Violation:          0.00
  No. of Hold Violations:        0.00
  -----------------------------------

  Timing Path Group 'clk_half'
  -----------------------------------
  Levels of Logic:               5.00
  Critical Path Length:          1.94
  Critical Path Slack:           1.67
  Critical Path Clk Period:      8.40
  Total Negative Slack:          0.00
  No. of Violating Paths:        0.00
  Worst Hold Violation:          0.00
  Total Hold Violation:          0.00
  No. of Hold Violations:        0.00
  -----------------------------------

  Timing Path Group 'default'
  -----------------------------------
  Levels of Logic:               0.00
  Critical Path Length:          0.00
  Critical Path Slack:           0.00
  Critical Path Clk Period:       n/a
  Total Negative Slack:          0.00
  No. of Violating Paths:        0.00
  Worst Hold Violation:          0.00
  Total Hold Violation:          0.00
  No. of Hold Violations:        0.00
  -----------------------------------


  Cell Count
  -----------------------------------
  Hierarchical Cell Count:        294
  Hierarchical Port Count:       5543
  Leaf Cell Count:              27326
  Buf/Inv Cell Count:            3010
  Buf Cell Count:                  91
  Inv Cell Count:                2919
  CT Buf/Inv Cell Count:            0
  Combinational Cell Count:     21930
  Sequential Cell Count:         5396
  Macro Count:                      0
  -----------------------------------


  Area
  -----------------------------------
  Combinational Area:    58607.360086
  Noncombinational Area: 44285.120105
  Buf/Inv Area:           3079.359940
  Total Buffer Area:           172.16
  Total Inverter Area:        2907.20
  Macro/Black Box Area:      0.000000
  Net Area:                  0.000000
  -----------------------------------
  Cell Area:            102892.480191
  Design Area:          102892.480191


  Design Rules
  -----------------------------------
  Total Number of Nets:         29948
  Nets With Violations:            11
  Max Trans Violations:            11
  Max Cap Violations:               0
  -----------------------------------


  Hostname: vlsi-dist.khu.ac.kr

  Compile CPU Statistics
  -----------------------------------------
  Resource Sharing:                    2.40
  Logic Optimization:                  1.96
  Mapping Optimization:               26.57
  -----------------------------------------
  Overall Compile Time:              135.63
  Overall Compile Wall Clock Time:   136.87

  --------------------------------------------------------------------

  Design  WNS: 0.00  TNS: 0.00  Number of Violating Paths: 0


  Design (Hold)  WNS: 0.00  TNS: 0.00  Number of Violating Paths: 0

  --------------------------------------------------------------------


1
