 
****************************************
Report : power
        -analysis_effort low
Design : khu_sensor_pad
Version: L-2016.03-SP5-5
Date   : Tue Nov 17 01:42:43 2020
****************************************


Library(s) Used:

    scmetro_cmos10lp_hvt_ss_1p08v_125c_sadhm (File: /Tools/Library/samsung65_2016/CB_1502/PRIMITIVE/sec100226_0043_SS65LP_Normal_HVT_Normal_FE_Common_N/synopsys/scmetro_cmos10lp_hvt_ss_1p08v_125c_sadhm.db)
    scmetro_cmos10lp_rvt_ss_1p08v_125c_sadhm (File: /Tools/Library/samsung65_2016/CB_1502/PRIMITIVE/sec100226_0042_SS65LP_Normal_RVT_Normal_FE_Common_N/synopsys/scmetro_cmos10lp_rvt_ss_1p08v_125c_sadhm.db)
    ss65lp3p3v_wst_108_300_p125 (File: /Tools/Library/samsung65_2016/CB_1502/IO/synopsys/ss65lp3p3v_wst_108_300_p125.db)


Global Operating Voltage = 1.08 
Power-specific unit information :
    Voltage Units = 1V
    Capacitance Units = 1.000000pf
    Time Units = 1ns
    Dynamic Power Units = 1mW    (derived from V,C,T units)
    Leakage Power Units = 1mW


  Cell Internal Power  =   6.7709 mW   (70%)
  Net Switching Power  =   2.9461 mW   (30%)
                         ---------
Total Dynamic Power    =   9.7170 mW  (100%)

Cell Leakage Power     =  42.7170 uW


                 Internal         Switching           Leakage            Total
Power Group      Power            Power               Power              Power   (   %    )  Attrs
--------------------------------------------------------------------------------------------------
io_pad             5.4979            2.8876        1.5515e-02            8.4010  (  86.09%)
memory             0.0000            0.0000            0.0000            0.0000  (   0.00%)
black_box          0.0000            0.0000            0.0000            0.0000  (   0.00%)
clock_network      0.1896        4.7696e-02        8.5024e-05            0.2373  (   2.43%)
register           1.0664        3.8424e-03        4.9230e-03            1.0752  (  11.02%)
sequential         0.0000            0.0000            0.0000            0.0000  (   0.00%)
combinational  1.7024e-02        5.8999e-03        2.2194e-02        4.5117e-02  (   0.46%)
--------------------------------------------------------------------------------------------------
Total              6.7709 mW         2.9450 mW     4.2717e-02 mW         9.7586 mW
1
