 
****************************************
Report : timing
        -path full
        -delay max
        -input_pins
        -max_paths 1
Design : khu_sensor_pad
Version: L-2016.03-SP5-5
Date   : Thu Nov 19 19:09:26 2020
****************************************

 * Some/all delay information is back-annotated.

 # A fanout number of 1000 was used for high fanout net computations.

Operating Conditions: ss_1p08v_125c   Library: scmetropmk_cmos10lp_rvt_ss_1p08v_125c_sadhm
Wire Load Model Mode: top

  Startpoint: ADS1292_DRDY
              (input port clocked by clk)
  Endpoint: khu_sensor_top/ads1292_controller/r_drdy_edge_counter_reg[0]
            (rising edge-triggered flip-flop clocked by clk)
  Path Group: REGIN
  Path Type: max

  Point                                                   Incr       Path
  --------------------------------------------------------------------------
  clock clk (rise edge)                                   0.00       0.00
  clock network delay (ideal)                             0.75       0.75
  input external delay                                    0.35       1.10 f
  ADS1292_DRDY (in)                                       0.00       1.10 f
  pad27/PAD (pvhbcudtbrt)                                 0.00       1.10 f
  pad27/Y (pvhbcudtbrt)                                   0.39       1.49 f
  khu_sensor_top/ADS1292_DRDY (khu_sensor_top)            0.00       1.49 f
  khu_sensor_top/ads1292_controller/i_ADS1292_DRDY (ads1292_controller)
                                                          0.00       1.49 f
  khu_sensor_top/ads1292_controller/U40/AN (NAND2BX1MTR)
                                                          0.00       1.49 f
  khu_sensor_top/ads1292_controller/U40/Y (NAND2BX1MTR)
                                                          0.12       1.61 f
  khu_sensor_top/ads1292_controller/U38/A1 (AOI32X1MTR)
                                                          0.00       1.61 f
  khu_sensor_top/ads1292_controller/U38/Y (AOI32X1MTR)
                                                          0.14       1.75 r
  khu_sensor_top/ads1292_controller/U37/A (INVX1MTR)      0.00       1.75 r
  khu_sensor_top/ads1292_controller/U37/Y (INVX1MTR)      0.06       1.81 f
  khu_sensor_top/ads1292_controller/U35/A1 (OAI32X1MTR)
                                                          0.00       1.81 f
  khu_sensor_top/ads1292_controller/U35/Y (OAI32X1MTR)
                                                          0.12       1.93 r
  khu_sensor_top/ads1292_controller/r_drdy_edge_counter_reg[0]/D (DFFRQX1MTR)
                                                          0.00       1.93 r
  data arrival time                                                  1.93

  clock clk (rise edge)                                   5.40       5.40
  clock network delay (ideal)                             0.75       6.15
  clock uncertainty                                      -0.38       5.77
  khu_sensor_top/ads1292_controller/r_drdy_edge_counter_reg[0]/CK (DFFRQX1MTR)
                                                          0.00       5.77 r
  library setup time                                     -0.13       5.64
  data required time                                                 5.64
  --------------------------------------------------------------------------
  data required time                                                 5.64
  data arrival time                                                 -1.93
  --------------------------------------------------------------------------
  slack (MET)                                                        3.71


  Startpoint: khu_sensor_top/mpr121_controller/i2c_master/scl_o_reg_reg
              (rising edge-triggered flip-flop clocked by clk)
  Endpoint: MPR121_SCL (output port clocked by clk)
  Path Group: REGOUT
  Path Type: max

  Point                                                   Incr       Path
  --------------------------------------------------------------------------
  clock clk (rise edge)                                   0.00       0.00
  clock network delay (ideal)                             0.75       0.75
  khu_sensor_top/mpr121_controller/i2c_master/scl_o_reg_reg/CK (DFFQX1MTR)
                                                          0.00 #     0.75 r
  khu_sensor_top/mpr121_controller/i2c_master/scl_o_reg_reg/Q (DFFQX1MTR)
                                                          0.52       1.27 f
  khu_sensor_top/mpr121_controller/i2c_master/U371/A (INVX1MTR)
                                                          0.00       1.27 f
  khu_sensor_top/mpr121_controller/i2c_master/U371/Y (INVX1MTR)
                                                          0.19       1.46 r
  khu_sensor_top/mpr121_controller/i2c_master/scl_t_BAR (i2c_master)
                                                          0.00       1.46 r
  khu_sensor_top/mpr121_controller/o_I2C_SCL_EN_BAR (mpr121_controller)
                                                          0.00       1.46 r
  khu_sensor_top/MPR121_SCL_EN_BAR (khu_sensor_top)       0.00       1.46 r
  pad43/CE (pvhbcudtbrt)                                  0.00       1.46 r
  pad43/PAD (pvhbcudtbrt)                                 2.47       3.93 r
  MPR121_SCL (inout)                                      0.00       3.93 r
  data arrival time                                                  3.93

  clock clk (rise edge)                                   5.40       5.40
  clock network delay (ideal)                             0.75       6.15
  clock uncertainty                                      -0.38       5.77
  output external delay                                  -0.50       5.27
  data required time                                                 5.27
  --------------------------------------------------------------------------
  data required time                                                 5.27
  data arrival time                                                 -3.93
  --------------------------------------------------------------------------
  slack (MET)                                                        1.34


  Startpoint: khu_sensor_top/ads1292_filter/iir_hpf/mult/a_m_reg[23]
              (rising edge-triggered flip-flop clocked by clk)
  Endpoint: khu_sensor_top/ads1292_filter/iir_hpf/mult/product_reg[49]
            (rising edge-triggered flip-flop clocked by clk)
  Path Group: clk
  Path Type: max

  Point                                                   Incr       Path
  --------------------------------------------------------------------------
  clock clk (rise edge)                                   0.00       0.00
  clock network delay (ideal)                             0.75       0.75
  khu_sensor_top/ads1292_filter/iir_hpf/mult/a_m_reg[23]/CK (DFFQNX1MTR)
                                                          0.00 #     0.75 r
  khu_sensor_top/ads1292_filter/iir_hpf/mult/a_m_reg[23]/QN (DFFQNX1MTR)
                                                          0.38       1.13 r
  khu_sensor_top/ads1292_filter/iir_hpf/mult/U877/A (INVX1MTR)
                                                          0.00       1.13 r
  khu_sensor_top/ads1292_filter/iir_hpf/mult/U877/Y (INVX1MTR)
                                                          0.42       1.55 f
  khu_sensor_top/ads1292_filter/iir_hpf/mult/mult_x_1/a[23] (float_multiplier_0_DW_mult_uns_2)
                                                          0.00       1.55 f
  khu_sensor_top/ads1292_filter/iir_hpf/mult/mult_x_1/U1948/A (CLKXOR2X2MTR)
                                                          0.00       1.55 f
  khu_sensor_top/ads1292_filter/iir_hpf/mult/mult_x_1/U1948/Y (CLKXOR2X2MTR)
                                                          0.24       1.79 f
  khu_sensor_top/ads1292_filter/iir_hpf/mult/mult_x_1/U1759/A (NOR2X2MTR)
                                                          0.00       1.79 f
  khu_sensor_top/ads1292_filter/iir_hpf/mult/mult_x_1/U1759/Y (NOR2X2MTR)
                                                          0.33       2.12 r
  khu_sensor_top/ads1292_filter/iir_hpf/mult/mult_x_1/U1865/A (NAND2X1MTR)
                                                          0.00       2.12 r
  khu_sensor_top/ads1292_filter/iir_hpf/mult/mult_x_1/U1865/Y (NAND2X1MTR)
                                                          0.12       2.24 f
  khu_sensor_top/ads1292_filter/iir_hpf/mult/mult_x_1/U1769/B0 (OAI21X1MTR)
                                                          0.00       2.24 f
  khu_sensor_top/ads1292_filter/iir_hpf/mult/mult_x_1/U1769/Y (OAI21X1MTR)
                                                          0.07       2.31 r
  khu_sensor_top/ads1292_filter/iir_hpf/mult/mult_x_1/U803/A (XOR2X1MTR)
                                                          0.00       2.31 r
  khu_sensor_top/ads1292_filter/iir_hpf/mult/mult_x_1/U803/Y (XOR2X1MTR)
                                                          0.12       2.43 r
  khu_sensor_top/ads1292_filter/iir_hpf/mult/mult_x_1/U637/B (ADDHX1MTR)
                                                          0.00       2.43 r
  khu_sensor_top/ads1292_filter/iir_hpf/mult/mult_x_1/U637/S (ADDHX1MTR)
                                                          0.14       2.57 r
  khu_sensor_top/ads1292_filter/iir_hpf/mult/mult_x_1/U636/B (ADDFX2MTR)
                                                          0.00       2.57 r
  khu_sensor_top/ads1292_filter/iir_hpf/mult/mult_x_1/U636/S (ADDFX2MTR)
                                                          0.38       2.95 f
  khu_sensor_top/ads1292_filter/iir_hpf/mult/mult_x_1/U634/B (ADDFX2MTR)
                                                          0.00       2.95 f
  khu_sensor_top/ads1292_filter/iir_hpf/mult/mult_x_1/U634/CO (ADDFX2MTR)
                                                          0.33       3.27 f
  khu_sensor_top/ads1292_filter/iir_hpf/mult/mult_x_1/U626/CI (ADDFX2MTR)
                                                          0.00       3.27 f
  khu_sensor_top/ads1292_filter/iir_hpf/mult/mult_x_1/U626/CO (ADDFX2MTR)
                                                          0.19       3.47 f
  khu_sensor_top/ads1292_filter/iir_hpf/mult/mult_x_1/U618/CI (ADDFHX2MTR)
                                                          0.00       3.47 f
  khu_sensor_top/ads1292_filter/iir_hpf/mult/mult_x_1/U618/CO (ADDFHX2MTR)
                                                          0.19       3.65 f
  khu_sensor_top/ads1292_filter/iir_hpf/mult/mult_x_1/U610/B (ADDFHX1MTR)
                                                          0.00       3.65 f
  khu_sensor_top/ads1292_filter/iir_hpf/mult/mult_x_1/U610/S (ADDFHX1MTR)
                                                          0.23       3.88 f
  khu_sensor_top/ads1292_filter/iir_hpf/mult/mult_x_1/U299/A (NOR2X2MTR)
                                                          0.00       3.88 f
  khu_sensor_top/ads1292_filter/iir_hpf/mult/mult_x_1/U299/Y (NOR2X2MTR)
                                                          0.09       3.97 r
  khu_sensor_top/ads1292_filter/iir_hpf/mult/mult_x_1/U296/A0 (OAI21X2MTR)
                                                          0.00       3.97 r
  khu_sensor_top/ads1292_filter/iir_hpf/mult/mult_x_1/U296/Y (OAI21X2MTR)
                                                          0.07       4.05 f
  khu_sensor_top/ads1292_filter/iir_hpf/mult/mult_x_1/U280/A1 (AOI21X1MTR)
                                                          0.00       4.05 f
  khu_sensor_top/ads1292_filter/iir_hpf/mult/mult_x_1/U280/Y (AOI21X1MTR)
                                                          0.10       4.14 r
  khu_sensor_top/ads1292_filter/iir_hpf/mult/mult_x_1/U278/B0 (OAI21X4MTR)
                                                          0.00       4.14 r
  khu_sensor_top/ads1292_filter/iir_hpf/mult/mult_x_1/U278/Y (OAI21X4MTR)
                                                          0.06       4.21 f
  khu_sensor_top/ads1292_filter/iir_hpf/mult/mult_x_1/U235/A1 (AOI21X4MTR)
                                                          0.00       4.21 f
  khu_sensor_top/ads1292_filter/iir_hpf/mult/mult_x_1/U235/Y (AOI21X4MTR)
                                                          0.10       4.30 r
  khu_sensor_top/ads1292_filter/iir_hpf/mult/mult_x_1/U229/A0 (OAI21X4MTR)
                                                          0.00       4.30 r
  khu_sensor_top/ads1292_filter/iir_hpf/mult/mult_x_1/U229/Y (OAI21X4MTR)
                                                          0.07       4.37 f
  khu_sensor_top/ads1292_filter/iir_hpf/mult/mult_x_1/U221/A0 (AOI21X4MTR)
                                                          0.00       4.37 f
  khu_sensor_top/ads1292_filter/iir_hpf/mult/mult_x_1/U221/Y (AOI21X4MTR)
                                                          0.10       4.47 r
  khu_sensor_top/ads1292_filter/iir_hpf/mult/mult_x_1/U1877/A0 (OAI21X6MTR)
                                                          0.00       4.47 r
  khu_sensor_top/ads1292_filter/iir_hpf/mult/mult_x_1/U1877/Y (OAI21X6MTR)
                                                          0.07       4.54 f
  khu_sensor_top/ads1292_filter/iir_hpf/mult/mult_x_1/U207/A0 (AOI21X8MTR)
                                                          0.00       4.54 f
  khu_sensor_top/ads1292_filter/iir_hpf/mult/mult_x_1/U207/Y (AOI21X8MTR)
                                                          0.08       4.62 r
  khu_sensor_top/ads1292_filter/iir_hpf/mult/mult_x_1/U201/A0 (OAI21X6MTR)
                                                          0.00       4.62 r
  khu_sensor_top/ads1292_filter/iir_hpf/mult/mult_x_1/U201/Y (OAI21X6MTR)
                                                          0.06       4.68 f
  khu_sensor_top/ads1292_filter/iir_hpf/mult/mult_x_1/U193/A0 (AOI21X8MTR)
                                                          0.00       4.68 f
  khu_sensor_top/ads1292_filter/iir_hpf/mult/mult_x_1/U193/Y (AOI21X8MTR)
                                                          0.08       4.76 r
  khu_sensor_top/ads1292_filter/iir_hpf/mult/mult_x_1/U187/A0 (OAI21X6MTR)
                                                          0.00       4.76 r
  khu_sensor_top/ads1292_filter/iir_hpf/mult/mult_x_1/U187/Y (OAI21X6MTR)
                                                          0.06       4.82 f
  khu_sensor_top/ads1292_filter/iir_hpf/mult/mult_x_1/U179/A0 (AOI21X8MTR)
                                                          0.00       4.82 f
  khu_sensor_top/ads1292_filter/iir_hpf/mult/mult_x_1/U179/Y (AOI21X8MTR)
                                                          0.08       4.90 r
  khu_sensor_top/ads1292_filter/iir_hpf/mult/mult_x_1/U1931/A0 (OAI21X6MTR)
                                                          0.00       4.90 r
  khu_sensor_top/ads1292_filter/iir_hpf/mult/mult_x_1/U1931/Y (OAI21X6MTR)
                                                          0.06       4.97 f
  khu_sensor_top/ads1292_filter/iir_hpf/mult/mult_x_1/U165/A0 (AOI21X8MTR)
                                                          0.00       4.97 f
  khu_sensor_top/ads1292_filter/iir_hpf/mult/mult_x_1/U165/Y (AOI21X8MTR)
                                                          0.08       5.05 r
  khu_sensor_top/ads1292_filter/iir_hpf/mult/mult_x_1/U159/A0 (OAI21X6MTR)
                                                          0.00       5.05 r
  khu_sensor_top/ads1292_filter/iir_hpf/mult/mult_x_1/U159/Y (OAI21X6MTR)
                                                          0.06       5.11 f
  khu_sensor_top/ads1292_filter/iir_hpf/mult/mult_x_1/U151/A0 (AOI21X8MTR)
                                                          0.00       5.11 f
  khu_sensor_top/ads1292_filter/iir_hpf/mult/mult_x_1/U151/Y (AOI21X8MTR)
                                                          0.07       5.18 r
  khu_sensor_top/ads1292_filter/iir_hpf/mult/mult_x_1/U1844/A0 (OAI21X1MTR)
                                                          0.00       5.18 r
  khu_sensor_top/ads1292_filter/iir_hpf/mult/mult_x_1/U1844/Y (OAI21X1MTR)
                                                          0.10       5.27 f
  khu_sensor_top/ads1292_filter/iir_hpf/mult/mult_x_1/U1875/A0 (AO21X4MTR)
                                                          0.00       5.27 f
  khu_sensor_top/ads1292_filter/iir_hpf/mult/mult_x_1/U1875/Y (AO21X4MTR)
                                                          0.14       5.41 f
  khu_sensor_top/ads1292_filter/iir_hpf/mult/mult_x_1/U1874/CI (ADDFHX1MTR)
                                                          0.00       5.41 f
  khu_sensor_top/ads1292_filter/iir_hpf/mult/mult_x_1/U1874/CO (ADDFHX1MTR)
                                                          0.15       5.56 f
  khu_sensor_top/ads1292_filter/iir_hpf/mult/mult_x_1/U1849/A (XOR2X1MTR)
                                                          0.00       5.56 f
  khu_sensor_top/ads1292_filter/iir_hpf/mult/mult_x_1/U1849/Y (XOR2X1MTR)
                                                          0.07       5.63 f
  khu_sensor_top/ads1292_filter/iir_hpf/mult/mult_x_1/product[47] (float_multiplier_0_DW_mult_uns_2)
                                                          0.00       5.63 f
  khu_sensor_top/ads1292_filter/iir_hpf/mult/U12/A1 (AO22X1MTR)
                                                          0.00       5.63 f
  khu_sensor_top/ads1292_filter/iir_hpf/mult/U12/Y (AO22X1MTR)
                                                          0.18       5.82 f
  khu_sensor_top/ads1292_filter/iir_hpf/mult/product_reg[49]/D (DFFQX1MTR)
                                                          0.00       5.82 f
  data arrival time                                                  5.82

  clock clk (rise edge)                                   5.40       5.40
  clock network delay (ideal)                             0.75       6.15
  clock uncertainty                                      -0.38       5.77
  khu_sensor_top/ads1292_filter/iir_hpf/mult/product_reg[49]/CK (DFFQX1MTR)
                                                          0.00       5.77 r
  library setup time                                      0.05       5.82
  data required time                                                 5.82
  --------------------------------------------------------------------------
  data required time                                                 5.82
  data arrival time                                                 -5.82
  --------------------------------------------------------------------------
  slack (MET)                                                        0.00


  Startpoint: khu_sensor_top/ads1292_filter/o_ADS1292_FILTERED_DATA_VALID_reg
              (rising edge-triggered flip-flop clocked by clk)
  Endpoint: khu_sensor_top/sensor_core/r_ads_ch2_data_out_reg[0]
            (rising edge-triggered flip-flop clocked by clk_half)
  Path Group: clk_half
  Path Type: max

  Point                                                   Incr       Path
  --------------------------------------------------------------------------
  clock clk (rise edge)                                   5.40       5.40
  clock network delay (ideal)                             0.75       6.15
  khu_sensor_top/ads1292_filter/o_ADS1292_FILTERED_DATA_VALID_reg/CK (DFFRQX1MTR)
                                                          0.00 #     6.15 r
  khu_sensor_top/ads1292_filter/o_ADS1292_FILTERED_DATA_VALID_reg/Q (DFFRQX1MTR)
                                                          0.40       6.55 f
  khu_sensor_top/ads1292_filter/o_ADS1292_FILTERED_DATA_VALID (ads1292_filter)
                                                          0.00       6.55 f
  khu_sensor_top/sensor_core/i_ADS1292_FILTERED_DATA_VALID (sensor_core)
                                                          0.00       6.55 f
  khu_sensor_top/sensor_core/U309/AN (NOR3BX1MTR)         0.00       6.55 f
  khu_sensor_top/sensor_core/U309/Y (NOR3BX1MTR)          0.12       6.66 f
  khu_sensor_top/sensor_core/U290/B (NOR2X1MTR)           0.00       6.66 f
  khu_sensor_top/sensor_core/U290/Y (NOR2X1MTR)           0.33       6.99 r
  khu_sensor_top/sensor_core/U289/A (NOR2X1MTR)           0.00       6.99 r
  khu_sensor_top/sensor_core/U289/Y (NOR2X1MTR)           0.31       7.30 f
  khu_sensor_top/sensor_core/U288/B0 (AO22X1MTR)          0.00       7.30 f
  khu_sensor_top/sensor_core/U288/Y (AO22X1MTR)           0.30       7.60 f
  khu_sensor_top/sensor_core/r_ads_ch2_data_out_reg[0]/D (DFFRQX1MTR)
                                                          0.00       7.60 f
  data arrival time                                                  7.60

  clock clk_half (rise edge)                             10.80      10.80
  clock network delay (ideal)                             0.75      11.55
  clock uncertainty                                      -0.76      10.79
  khu_sensor_top/sensor_core/r_ads_ch2_data_out_reg[0]/CK (DFFRQX1MTR)
                                                          0.00      10.79 r
  library setup time                                      0.01      10.80
  data required time                                                10.80
  --------------------------------------------------------------------------
  data required time                                                10.80
  data arrival time                                                 -7.60
  --------------------------------------------------------------------------
  slack (MET)                                                        3.20


1
