 
****************************************
Report : power
        -analysis_effort low
Design : khu_sensor_pad
Version: L-2016.03-SP5-5
Date   : Sat Nov 14 08:54:24 2020
****************************************


Library(s) Used:

    scmetro_cmos10lp_hvt_ss_1p08v_125c_sadhm (File: /Tools/Library/samsung65_2016/CB_1502/PRIMITIVE/sec100226_0043_SS65LP_Normal_HVT_Normal_FE_Common_N/synopsys/scmetro_cmos10lp_hvt_ss_1p08v_125c_sadhm.db)
    scmetro_cmos10lp_rvt_ss_1p08v_125c_sadhm (File: /Tools/Library/samsung65_2016/CB_1502/PRIMITIVE/sec100226_0042_SS65LP_Normal_RVT_Normal_FE_Common_N/synopsys/scmetro_cmos10lp_rvt_ss_1p08v_125c_sadhm.db)
    ss65lp3p3v_wst_108_300_p125 (File: /Tools/Library/samsung65_2016/CB_1502/IO/synopsys/ss65lp3p3v_wst_108_300_p125.db)


Global Operating Voltage = 1.08 
Power-specific unit information :
    Voltage Units = 1V
    Capacitance Units = 1.000000pf
    Time Units = 1ns
    Dynamic Power Units = 1mW    (derived from V,C,T units)
    Leakage Power Units = 1mW


  Cell Internal Power  =  15.8952 mW    (5%)
  Net Switching Power  = 280.4655 mW   (95%)
                         ---------
Total Dynamic Power    = 296.3607 mW  (100%)

Cell Leakage Power     =  44.8391 uW


                 Internal         Switching           Leakage            Total
Power Group      Power            Power               Power              Power   (   %    )  Attrs
--------------------------------------------------------------------------------------------------
io_pad             6.1697          280.4601        1.3448e-02          286.6432  (  96.71%)
memory             0.0000            0.0000            0.0000            0.0000  (   0.00%)
black_box          0.0000            0.0000            0.0000            0.0000  (   0.00%)
clock_network      0.0000            0.0000            0.0000            0.0000  (   0.00%)
register           9.7149        1.8840e-03        7.2161e-03            9.7241  (   3.28%)
sequential         0.0000            0.0000            0.0000            0.0000  (   0.00%)
combinational  1.0181e-02        2.9847e-03        2.4175e-02        3.7340e-02  (   0.01%)
--------------------------------------------------------------------------------------------------
Total             15.8948 mW       280.4649 mW     4.4839e-02 mW       296.4046 mW
1
