 
****************************************
Report : timing
        -path full
        -delay max
        -input_pins
        -max_paths 1
Design : khu_sensor_pad
Version: L-2016.03-SP5-5
Date   : Tue Nov 17 01:40:20 2020
****************************************

Information: Some cells in the design are using inferred operating conditions.

 * Some/all delay information is back-annotated.

 # A fanout number of 1000 was used for high fanout net computations.
Wire Load Model Mode: top

  Startpoint: ADS1292_DRDY
              (input port clocked by clk)
  Endpoint: khu_sensor_top/ads1292_controller/r_pstate_reg[0]
            (rising edge-triggered flip-flop clocked by clk)
  Path Group: REGIN
  Path Type: max

  Point                                                   Incr       Path      Voltage
  ------------------------------------------------------------------------------------
  clock clk (rise edge)                                   0.00       0.00      
  clock network delay (ideal)                             0.75       0.75      
  input external delay                                    0.35       1.10 r    
  ADS1292_DRDY (in)                                       0.00       1.10 r    
  pad27/PAD (pvhbcudtbrt)                                 0.27       1.37 r    3.00
  pad27/Y (pvhbcudtbrt)                                   0.47       1.84 r    1.08
  khu_sensor_top/ADS1292_DRDY (khu_sensor_top)            0.00       1.84 r    
  khu_sensor_top/ads1292_controller/i_ADS1292_DRDY (ads1292_controller)
                                                          0.00       1.84 r    
  khu_sensor_top/ads1292_controller/U73/A2 (AOI31X2MTR)
                                                          0.00       1.84 r    1.08
  khu_sensor_top/ads1292_controller/U73/Y (AOI31X2MTR)
                                                          0.09       1.93 f    1.08
  khu_sensor_top/ads1292_controller/U127/B1 (OAI2B2X1MTH)
                                                          0.00       1.93 f    1.08
  khu_sensor_top/ads1292_controller/U127/Y (OAI2B2X1MTH)
                                                          0.16       2.08 r    1.08
  khu_sensor_top/ads1292_controller/U35/C (OR4X2MTR)      0.00       2.08 r    1.08
  khu_sensor_top/ads1292_controller/U35/Y (OR4X2MTR)      0.12       2.20 r    1.08
  khu_sensor_top/ads1292_controller/r_pstate_reg[0]/D (DFFRQX1MTH)
                                                          0.00       2.20 r    1.08
  data arrival time                                                  2.20      

  clock clk (rise edge)                                   4.20       4.20      
  clock network delay (ideal)                             0.75       4.95      
  clock uncertainty                                      -0.29       4.66      
  khu_sensor_top/ads1292_controller/r_pstate_reg[0]/CK (DFFRQX1MTH)
                                                          0.00       4.66 r    
  library setup time                                     -0.14       4.51      
  data required time                                                 4.51      
  ------------------------------------------------------------------------------------
  data required time                                                 4.51      
  data arrival time                                                 -2.20      
  ------------------------------------------------------------------------------------
  slack (MET)                                                        2.31      


  Startpoint: khu_sensor_top/mpr121_controller/i2c_master/sda_o_reg_reg
              (rising edge-triggered flip-flop clocked by clk)
  Endpoint: MPR121_SDA (output port clocked by clk)
  Path Group: REGOUT
  Path Type: max

  Point                                                   Incr       Path      Voltage
  ------------------------------------------------------------------------------------
  clock clk (rise edge)                                   0.00       0.00      
  clock network delay (ideal)                             0.75       0.75      
  khu_sensor_top/mpr121_controller/i2c_master/sda_o_reg_reg/CK (DFFQX2MTR)
                                                          0.00 #     0.75 r    1.08
  khu_sensor_top/mpr121_controller/i2c_master/sda_o_reg_reg/Q (DFFQX2MTR)
                                                          0.41       1.16 f    1.08
  khu_sensor_top/mpr121_controller/i2c_master/sda_o (i2c_master)
                                                          0.00       1.16 f    
  khu_sensor_top/mpr121_controller/o_I2C_SDA_OUT (mpr121_controller)
                                                          0.00       1.16 f    
  khu_sensor_top/MPR121_SDA_OUT (khu_sensor_top)          0.00       1.16 f    
  pad45/A (pvhbcudtbrt)                                   0.00       1.16 f    1.08
  pad45/PAD (pvhbcudtbrt)                                 2.46       3.62 f    3.00
  MPR121_SDA (inout)                                      0.53       4.15 f    
  data arrival time                                                  4.15      

  clock clk (rise edge)                                   4.20       4.20      
  clock network delay (ideal)                             0.75       4.95      
  clock uncertainty                                      -0.29       4.66      
  output external delay                                  -0.50       4.16      
  data required time                                                 4.16      
  ------------------------------------------------------------------------------------
  data required time                                                 4.16      
  data arrival time                                                 -4.15      
  ------------------------------------------------------------------------------------
  slack (MET)                                                        0.00      


  Startpoint: khu_sensor_top/ads1292_filter/iir_notch/mult_3/a_m_reg[17]
              (rising edge-triggered flip-flop clocked by clk)
  Endpoint: khu_sensor_top/ads1292_filter/iir_notch/mult_3/product_reg[49]
            (rising edge-triggered flip-flop clocked by clk)
  Path Group: clk
  Path Type: max

  Point                                                   Incr       Path      Voltage
  ------------------------------------------------------------------------------------
  clock clk (rise edge)                                   0.00       0.00      
  clock network delay (ideal)                             0.75       0.75      
  khu_sensor_top/ads1292_filter/iir_notch/mult_3/a_m_reg[17]/CK (DFFQX2MTH)
                                                          0.00 #     0.75 r    1.08
  khu_sensor_top/ads1292_filter/iir_notch/mult_3/a_m_reg[17]/Q (DFFQX2MTH)
                                                          0.76       1.51 r    1.08
  khu_sensor_top/ads1292_filter/iir_notch/mult_3/mult_x_1/a[17] (float_multiplier_1_DW_mult_uns_1)
                                                          0.00       1.51 r    
  khu_sensor_top/ads1292_filter/iir_notch/mult_3/mult_x_1/U1715/B (XOR2X1MTH)
                                                          0.00       1.51 r    1.08
  khu_sensor_top/ads1292_filter/iir_notch/mult_3/mult_x_1/U1715/Y (XOR2X1MTH)
                                                          0.32       1.83 r    1.08
  khu_sensor_top/ads1292_filter/iir_notch/mult_3/mult_x_1/U1598/A (NAND2X2MTR)
                                                          0.00       1.83 r    1.08
  khu_sensor_top/ads1292_filter/iir_notch/mult_3/mult_x_1/U1598/Y (NAND2X2MTR)
                                                          0.31       2.14 f    1.08
  khu_sensor_top/ads1292_filter/iir_notch/mult_3/mult_x_1/U1075/A0 (OAI22X2MTH)
                                                          0.00       2.14 f    1.08
  khu_sensor_top/ads1292_filter/iir_notch/mult_3/mult_x_1/U1075/Y (OAI22X2MTH)
                                                          0.19       2.33 r    1.08
  khu_sensor_top/ads1292_filter/iir_notch/mult_3/mult_x_1/U781/B (ADDFX1MTR)
                                                          0.00       2.33 r    1.08
  khu_sensor_top/ads1292_filter/iir_notch/mult_3/mult_x_1/U781/CO (ADDFX1MTR)
                                                          0.34       2.67 r    1.08
  khu_sensor_top/ads1292_filter/iir_notch/mult_3/mult_x_1/U770/A (ADDFX1MTR)
                                                          0.00       2.67 r    1.08
  khu_sensor_top/ads1292_filter/iir_notch/mult_3/mult_x_1/U770/S (ADDFX1MTR)
                                                          0.30       2.97 f    1.08
  khu_sensor_top/ads1292_filter/iir_notch/mult_3/mult_x_1/U768/B (ADDFX2MTR)
                                                          0.00       2.97 f    1.08
  khu_sensor_top/ads1292_filter/iir_notch/mult_3/mult_x_1/U768/CO (ADDFX2MTR)
                                                          0.34       3.31 f    1.08
  khu_sensor_top/ads1292_filter/iir_notch/mult_3/mult_x_1/U758/B (ADDFHX1MTR)
                                                          0.00       3.31 f    1.08
  khu_sensor_top/ads1292_filter/iir_notch/mult_3/mult_x_1/U758/CO (ADDFHX1MTR)
                                                          0.22       3.53 f    1.08
  khu_sensor_top/ads1292_filter/iir_notch/mult_3/mult_x_1/U1623/B (OR2X1MTR)
                                                          0.00       3.53 f    1.08
  khu_sensor_top/ads1292_filter/iir_notch/mult_3/mult_x_1/U1623/Y (OR2X1MTR)
                                                          0.16       3.69 f    1.08
  khu_sensor_top/ads1292_filter/iir_notch/mult_3/mult_x_1/U381/A0 (AOI21X2MTH)
                                                          0.00       3.69 f    1.08
  khu_sensor_top/ads1292_filter/iir_notch/mult_3/mult_x_1/U381/Y (AOI21X2MTH)
                                                          0.12       3.80 r    1.08
  khu_sensor_top/ads1292_filter/iir_notch/mult_3/mult_x_1/U379/B0 (OAI21X1MTR)
                                                          0.00       3.80 r    1.08
  khu_sensor_top/ads1292_filter/iir_notch/mult_3/mult_x_1/U379/Y (OAI21X1MTR)
                                                          0.08       3.89 f    1.08
  khu_sensor_top/ads1292_filter/iir_notch/mult_3/mult_x_1/U1620/B0 (AOI21X2MTR)
                                                          0.00       3.89 f    1.08
  khu_sensor_top/ads1292_filter/iir_notch/mult_3/mult_x_1/U1620/Y (AOI21X2MTR)
                                                          0.09       3.98 r    1.08
  khu_sensor_top/ads1292_filter/iir_notch/mult_3/mult_x_1/U344/A0 (OAI21X2MTR)
                                                          0.00       3.98 r    1.08
  khu_sensor_top/ads1292_filter/iir_notch/mult_3/mult_x_1/U344/Y (OAI21X2MTR)
                                                          0.08       4.06 f    1.08
  khu_sensor_top/ads1292_filter/iir_notch/mult_3/mult_x_1/U251/A1 (AOI21X4MTR)
                                                          0.00       4.06 f    1.08
  khu_sensor_top/ads1292_filter/iir_notch/mult_3/mult_x_1/U251/Y (AOI21X4MTR)
                                                          0.18       4.25 r    1.08
  khu_sensor_top/ads1292_filter/iir_notch/mult_3/mult_x_1/U85/A0 (OAI21X2MTR)
                                                          0.00       4.25 r    1.08
  khu_sensor_top/ads1292_filter/iir_notch/mult_3/mult_x_1/U85/Y (OAI21X2MTR)
                                                          0.09       4.34 f    1.08
  khu_sensor_top/ads1292_filter/iir_notch/mult_3/mult_x_1/U79/A (XNOR2X1MTR)
                                                          0.00       4.34 f    1.08
  khu_sensor_top/ads1292_filter/iir_notch/mult_3/mult_x_1/U79/Y (XNOR2X1MTR)
                                                          0.08       4.42 f    1.08
  khu_sensor_top/ads1292_filter/iir_notch/mult_3/mult_x_1/product[47] (float_multiplier_1_DW_mult_uns_1)
                                                          0.00       4.42 f    
  khu_sensor_top/ads1292_filter/iir_notch/mult_3/U241/A1 (AO22X2MTH)
                                                          0.00       4.42 f    1.08
  khu_sensor_top/ads1292_filter/iir_notch/mult_3/U241/Y (AO22X2MTH)
                                                          0.22       4.64 f    1.08
  khu_sensor_top/ads1292_filter/iir_notch/mult_3/product_reg[49]/D (DFFHQX1MTR)
                                                          0.00       4.64 f    1.08
  data arrival time                                                  4.64      

  clock clk (rise edge)                                   4.20       4.20      
  clock network delay (ideal)                             0.75       4.95      
  clock uncertainty                                      -0.29       4.66      
  khu_sensor_top/ads1292_filter/iir_notch/mult_3/product_reg[49]/CK (DFFHQX1MTR)
                                                          0.00       4.66 r    
  library setup time                                     -0.02       4.64      
  data required time                                                 4.64      
  ------------------------------------------------------------------------------------
  data required time                                                 4.64      
  data arrival time                                                 -4.64      
  ------------------------------------------------------------------------------------
  slack (MET)                                                        0.00      


  Startpoint: khu_sensor_top/ads1292_filter/o_ADS1292_FILTERED_DATA_VALID_reg
              (rising edge-triggered flip-flop clocked by clk)
  Endpoint: khu_sensor_top/sensor_core/r_ads_ch2_data_out_reg[0]
            (rising edge-triggered flip-flop clocked by clk_half)
  Path Group: clk_half
  Path Type: max

  Point                                                   Incr       Path      Voltage
  ------------------------------------------------------------------------------------
  clock clk (rise edge)                                   4.20       4.20      
  clock network delay (ideal)                             0.75       4.95      
  khu_sensor_top/ads1292_filter/o_ADS1292_FILTERED_DATA_VALID_reg/CK (DFFRQX4MTH)
                                                          0.00 #     4.95 r    1.08
  khu_sensor_top/ads1292_filter/o_ADS1292_FILTERED_DATA_VALID_reg/Q (DFFRQX4MTH)
                                                          0.62       5.57 f    1.08
  khu_sensor_top/ads1292_filter/o_ADS1292_FILTERED_DATA_VALID (ads1292_filter)
                                                          0.00       5.57 f    
  khu_sensor_top/sensor_core/i_ADS1292_FILTERED_DATA_VALID (sensor_core)
                                                          0.00       5.57 f    
  khu_sensor_top/sensor_core/U311/AN (NOR3BX2MTH)         0.00       5.57 f    1.08
  khu_sensor_top/sensor_core/U311/Y (NOR3BX2MTH)          0.15       5.72 f    1.08
  khu_sensor_top/sensor_core/U487/B (NOR2X1MTH)           0.00       5.72 f    1.08
  khu_sensor_top/sensor_core/U487/Y (NOR2X1MTH)           0.52       6.24 r    1.08
  khu_sensor_top/sensor_core/U291/A (NOR2X2MTH)           0.00       6.24 r    1.08
  khu_sensor_top/sensor_core/U291/Y (NOR2X2MTH)           0.44       6.68 f    1.08
  khu_sensor_top/sensor_core/U539/B0 (AO22X1MTH)          0.00       6.68 f    1.08
  khu_sensor_top/sensor_core/U539/Y (AO22X1MTH)           0.45       7.13 f    1.08
  khu_sensor_top/sensor_core/r_ads_ch2_data_out_reg[0]/D (DFFRQX2MTH)
                                                          0.00       7.13 f    1.08
  data arrival time                                                  7.13      

  clock clk_half (rise edge)                              8.40       8.40      
  clock network delay (ideal)                             0.75       9.15      
  clock uncertainty                                      -0.59       8.56      
  khu_sensor_top/sensor_core/r_ads_ch2_data_out_reg[0]/CK (DFFRQX2MTH)
                                                          0.00       8.56 r    
  library setup time                                     -0.02       8.55      
  data required time                                                 8.55      
  ------------------------------------------------------------------------------------
  data required time                                                 8.55      
  data arrival time                                                 -7.13      
  ------------------------------------------------------------------------------------
  slack (MET)                                                        1.41      


1
