 
****************************************
Report : net
Design : khu_sensor_pad
Version: L-2016.03-SP5-5
Date   : Thu Nov 19 19:09:25 2020
****************************************


Operating Conditions: ss_1p08v_125c   Library: scmetropmk_cmos10lp_rvt_ss_1p08v_125c_sadhm
Wire Load Model Mode: top


Attributes:
   dr - drc disabled
    c - annotated capacitance
    d - dont_touch
    I - ideal_network
    h - high fanout

Net
 Fanout    Fanin     Load      LoadUR    LoadUF    LoadLR    LoadLF    Resist    Pins      Attr
-----------------------------------------------------------------------------------------------
*Logic0*
     69         1        0.52      0.52      0.52      0.52      0.52      0.00      70    dr
*Logic1*
     23         1        0.17      0.17      0.17      0.17      0.17      0.00      24    dr
ADS1292_CSN
      2         1        2.15      2.15      2.15      2.15      2.15      0.00       2    c, d
ADS1292_DRDY
      1         2        2.13      2.13      2.13      2.13      2.13      0.00       2    c, d
ADS1292_MISO
      1         2        2.13      2.13      2.13      2.13      2.13      0.00       2    c, d
ADS1292_MOSI
      2         1        2.15      2.15      2.15      2.15      2.15      0.00       2    c, d
ADS1292_RESET
      2         1        2.15      2.15      2.15      2.15      2.15      0.00       2    c, d
ADS1292_SCLK
      2         1        2.15      2.15      2.15      2.15      2.15      0.00       2    c, d
ADS1292_START
      2         1        2.15      2.15      2.15      2.15      2.15      0.00       2    c, d
MPR121_SCL
      2         2        2.15      2.15      2.15      2.15      2.15      0.00       2    c, d
MPR121_SDA
      2         2        2.15      2.15      2.15      2.15      2.15      0.00       2    c, d
UART_RXD
      1         2        2.13      2.13      2.13      2.13      2.13      0.00       2    c, d
UART_TXD
      2         1        2.15      2.15      2.15      2.15      2.15      0.00       2    c, d
i_CLK
      3         2        2.13      2.13      2.13      2.13      2.13      0.00       4    dr, c, d
i_RSTN
      1         2        2.15      2.15      2.15      2.15      2.15      0.00       2    c, d
net2102
      1         1        0.01      0.01      0.01      0.01      0.01      0.00       2    dr
net2103
      1         1        0.01      0.01      0.01      0.01      0.01      0.00       2    dr
net2104
      1         1        0.01      0.01      0.01      0.01      0.01      0.00       2    dr
net2105
      1         1        0.01      0.01      0.01      0.01      0.01      0.00       2    dr
net2106
      1         1        0.01      0.01      0.01      0.01      0.01      0.00       2    dr
net2107
      1         1        0.01      0.01      0.01      0.01      0.01      0.00       2    dr
net2108
      1         1        0.01      0.01      0.01      0.01      0.01      0.00       2    dr
net2109
      1         1        0.01      0.01      0.01      0.01      0.01      0.00       2    dr
net2110
      1         1        0.01      0.01      0.01      0.01      0.01      0.00       2    dr
net2111
      1         1        0.01      0.01      0.01      0.01      0.01      0.00       2    dr
net2112
      1         1        0.01      0.01      0.01      0.01      0.01      0.00       2    dr
net2113
      1         1        0.01      0.01      0.01      0.01      0.01      0.00       2    dr
net2114
      1         1        0.01      0.01      0.01      0.01      0.01      0.00       2    dr
w_ads1292_csn_p
      2         1        0.01      0.01      0.01      0.01      0.01      0.00       3    
w_ads1292_drdy_p
      5         1        0.00      0.00      0.00      0.00      0.00      0.00       6    
w_ads1292_miso_p
      2         1        0.00      0.00      0.00      0.00      0.00      0.00       3    
w_ads1292_mosi_p
      2         1        0.01      0.01      0.01      0.01      0.01      0.00       3    
w_ads1292_reset_p
      2         1        0.01      0.01      0.01      0.01      0.01      0.00       3    
w_ads1292_sclk_p
      1         1        0.01      0.01      0.01      0.01      0.01      0.00       2    
w_ads1292_start_p
      2         1        0.01      0.01      0.01      0.01      0.01      0.00       3    
w_clk_p
   4926         1     1001.00   1001.00   1001.00   1001.00   1001.00      0.00    4927    dr, h
w_mpr121_scl_en_p
      2         1        0.01      0.01      0.01      0.01      0.01      0.00       3    
w_mpr121_scl_in_p
      1         1        0.00      0.00      0.00      0.00      0.00      0.00       2    
w_mpr121_scl_out_p
      5         1        0.02      0.02      0.02      0.02      0.02      0.00       6    
w_mpr121_sda_en_p
      2         1        0.01      0.01      0.01      0.01      0.01      0.00       3    
w_mpr121_sda_in_p
      1         1        0.00      0.00      0.00      0.00      0.00      0.00       2    
w_mpr121_sda_out_p
      5         1        0.02      0.02      0.02      0.02      0.02      0.00       6    
w_rstn
      2         1        0.00      0.00      0.00      0.00      0.00      0.00       3    d, I
w_rstn_p
      2         1        0.00      0.00      0.00      0.00      0.00      0.00       3    
w_uart_rx_p
      1         1        0.00      0.00      0.00      0.00      0.00      0.00       2    
w_uart_tx_p
      2         1        0.01      0.01      0.01      0.01      0.01      0.00       3    
-----------------------------------------------------------------------------------------------
Total 46 nets
   5093        53     1029.85   1029.85   1029.85   1029.85   1029.85      0.00    5131
Maximum
   4926         2     1001.00   1001.00   1001.00   1001.00   1001.00      0.00    4927
Average
 110.72      1.15       22.39     22.39     22.39     22.39     22.39      0.00  111.54
1
