 
****************************************
Report : power
        -analysis_effort low
Design : khu_sensor_pad
Version: L-2016.03-SP5-5
Date   : Tue Nov 17 01:38:56 2020
****************************************


Library(s) Used:

    scmetro_cmos10lp_rvt_ss_1p08v_125c_sadhm (File: /Tools/Library/samsung65_2016/CB_1502/PRIMITIVE/sec100226_0042_SS65LP_Normal_RVT_Normal_FE_Common_N/synopsys/scmetro_cmos10lp_rvt_ss_1p08v_125c_sadhm.db)
    scmetro_cmos10lp_hvt_ss_1p08v_125c_sadhm (File: /Tools/Library/samsung65_2016/CB_1502/PRIMITIVE/sec100226_0043_SS65LP_Normal_HVT_Normal_FE_Common_N/synopsys/scmetro_cmos10lp_hvt_ss_1p08v_125c_sadhm.db)
    ss65lp3p3v_wst_108_300_p125 (File: /Tools/Library/samsung65_2016/CB_1502/IO/synopsys/ss65lp3p3v_wst_108_300_p125.db)


Global Operating Voltage = 1.08 
Power-specific unit information :
    Voltage Units = 1V
    Capacitance Units = 1.000000pf
    Time Units = 1ns
    Dynamic Power Units = 1mW    (derived from V,C,T units)
    Leakage Power Units = 1mW


  Cell Internal Power  =  17.7897 mW    (6%)
  Net Switching Power  = 280.4655 mW   (94%)
                         ---------
Total Dynamic Power    = 298.2553 mW  (100%)

Cell Leakage Power     =  57.8909 uW


                 Internal         Switching           Leakage            Total
Power Group      Power            Power               Power              Power   (   %    )  Attrs
--------------------------------------------------------------------------------------------------
io_pad             6.1697          280.4601        1.5515e-02          286.6452  (  96.09%)
memory             0.0000            0.0000            0.0000            0.0000  (   0.00%)
black_box          0.0000            0.0000            0.0000            0.0000  (   0.00%)
clock_network      0.0000            0.0000            0.0000            0.0000  (   0.00%)
register          11.6096        1.9043e-03        1.6566e-02           11.6281  (   3.90%)
sequential         0.0000            0.0000            0.0000            0.0000  (   0.00%)
combinational  1.0244e-02        3.0175e-03        2.5810e-02        3.9071e-02  (   0.01%)
--------------------------------------------------------------------------------------------------
Total             17.7895 mW       280.4650 mW     5.7891e-02 mW       298.3123 mW
1
