 
****************************************
Report : timing
        -path full
        -delay max
        -input_pins
        -max_paths 1
Design : khu_sensor_pad
Version: L-2016.03-SP5-5
Date   : Thu Nov 19 19:08:18 2020
****************************************

 * Some/all delay information is back-annotated.

 # A fanout number of 1000 was used for high fanout net computations.

Operating Conditions: ss_1p08v_125c   Library: scmetropmk_cmos10lp_rvt_ss_1p08v_125c_sadhm
Wire Load Model Mode: top

  Startpoint: ADS1292_DRDY
              (input port clocked by clk)
  Endpoint: khu_sensor_top/ads1292_controller/r_drdy_edge_counter_reg[0]
            (rising edge-triggered flip-flop clocked by clk)
  Path Group: REGIN
  Path Type: max

  Point                                                   Incr       Path
  --------------------------------------------------------------------------
  clock clk (rise edge)                                   0.00       0.00
  clock network delay (ideal)                             0.75       0.75
  input external delay                                    0.35       1.10 f
  ADS1292_DRDY (in)                                       0.00       1.10 f
  pad27/PAD (pvhbcudtbrt)                                 0.00       1.10 f
  pad27/Y (pvhbcudtbrt)                                   0.39       1.49 f
  khu_sensor_top/ADS1292_DRDY (khu_sensor_top)            0.00       1.49 f
  khu_sensor_top/ads1292_controller/i_ADS1292_DRDY (ads1292_controller)
                                                          0.00       1.49 f
  khu_sensor_top/ads1292_controller/U40/AN (NAND2BX1MTR)
                                                          0.00       1.49 f
  khu_sensor_top/ads1292_controller/U40/Y (NAND2BX1MTR)
                                                          0.12       1.61 f
  khu_sensor_top/ads1292_controller/U38/A1 (AOI32X1MTR)
                                                          0.00       1.61 f
  khu_sensor_top/ads1292_controller/U38/Y (AOI32X1MTR)
                                                          0.14       1.75 r
  khu_sensor_top/ads1292_controller/U37/A (INVX1MTR)      0.00       1.75 r
  khu_sensor_top/ads1292_controller/U37/Y (INVX1MTR)      0.06       1.81 f
  khu_sensor_top/ads1292_controller/U35/A1 (OAI32X1MTR)
                                                          0.00       1.81 f
  khu_sensor_top/ads1292_controller/U35/Y (OAI32X1MTR)
                                                          0.12       1.93 r
  khu_sensor_top/ads1292_controller/r_drdy_edge_counter_reg[0]/D (DFFRQX1MTR)
                                                          0.00       1.93 r
  data arrival time                                                  1.93

  clock clk (rise edge)                                   5.40       5.40
  clock network delay (ideal)                             0.75       6.15
  clock uncertainty                                      -0.38       5.77
  khu_sensor_top/ads1292_controller/r_drdy_edge_counter_reg[0]/CK (DFFRQX1MTR)
                                                          0.00       5.77 r
  library setup time                                     -0.13       5.64
  data required time                                                 5.64
  --------------------------------------------------------------------------
  data required time                                                 5.64
  data arrival time                                                 -1.93
  --------------------------------------------------------------------------
  slack (MET)                                                        3.71


  Startpoint: khu_sensor_top/mpr121_controller/i2c_master/scl_o_reg_reg
              (rising edge-triggered flip-flop clocked by clk)
  Endpoint: MPR121_SCL (output port clocked by clk)
  Path Group: REGOUT
  Path Type: max

  Point                                                   Incr       Path
  --------------------------------------------------------------------------
  clock clk (rise edge)                                   0.00       0.00
  clock network delay (ideal)                             0.75       0.75
  khu_sensor_top/mpr121_controller/i2c_master/scl_o_reg_reg/CK (DFFQX2MTR)
                                                          0.00 #     0.75 r
  khu_sensor_top/mpr121_controller/i2c_master/scl_o_reg_reg/Q (DFFQX2MTR)
                                                          0.45       1.20 r
  khu_sensor_top/mpr121_controller/i2c_master/U371/A (INVX1MTR)
                                                          0.00       1.20 r
  khu_sensor_top/mpr121_controller/i2c_master/U371/Y (INVX1MTR)
                                                          0.18       1.38 f
  khu_sensor_top/mpr121_controller/i2c_master/scl_t_BAR (i2c_master)
                                                          0.00       1.38 f
  khu_sensor_top/mpr121_controller/o_I2C_SCL_EN_BAR (mpr121_controller)
                                                          0.00       1.38 f
  khu_sensor_top/MPR121_SCL_EN_BAR (khu_sensor_top)       0.00       1.38 f
  pad43/CE (pvhbcudtbrt)                                  0.00       1.38 f
  pad43/PAD (pvhbcudtbrt)                                 2.46       3.85 r
  MPR121_SCL (inout)                                      0.00       3.85 r
  data arrival time                                                  3.85

  clock clk (rise edge)                                   5.40       5.40
  clock network delay (ideal)                             0.75       6.15
  clock uncertainty                                      -0.38       5.77
  output external delay                                  -0.50       5.27
  data required time                                                 5.27
  --------------------------------------------------------------------------
  data required time                                                 5.27
  data arrival time                                                 -3.85
  --------------------------------------------------------------------------
  slack (MET)                                                        1.43


  Startpoint: khu_sensor_top/ads1292_filter/iir_lpf/mult_1/a_m_reg[23]
              (rising edge-triggered flip-flop clocked by clk)
  Endpoint: khu_sensor_top/ads1292_filter/iir_lpf/mult_1/product_reg[49]
            (rising edge-triggered flip-flop clocked by clk)
  Path Group: clk
  Path Type: max

  Point                                                   Incr       Path
  --------------------------------------------------------------------------
  clock clk (rise edge)                                   0.00       0.00
  clock network delay (ideal)                             0.75       0.75
  khu_sensor_top/ads1292_filter/iir_lpf/mult_1/a_m_reg[23]/CK (DFFQNX2MTR)
                                                          0.00 #     0.75 r
  khu_sensor_top/ads1292_filter/iir_lpf/mult_1/a_m_reg[23]/QN (DFFQNX2MTR)
                                                          0.38       1.13 r
  khu_sensor_top/ads1292_filter/iir_lpf/mult_1/U801/A (INVX1MTR)
                                                          0.00       1.13 r
  khu_sensor_top/ads1292_filter/iir_lpf/mult_1/U801/Y (INVX1MTR)
                                                          0.42       1.55 f
  khu_sensor_top/ads1292_filter/iir_lpf/mult_1/mult_x_1/a[23] (float_multiplier_5_DW_mult_uns_2)
                                                          0.00       1.55 f
  khu_sensor_top/ads1292_filter/iir_lpf/mult_1/mult_x_1/U1742/A (XOR2X2MTR)
                                                          0.00       1.55 f
  khu_sensor_top/ads1292_filter/iir_lpf/mult_1/mult_x_1/U1742/Y (XOR2X2MTR)
                                                          0.27       1.83 r
  khu_sensor_top/ads1292_filter/iir_lpf/mult_1/mult_x_1/U1827/B (NAND2BX2MTR)
                                                          0.00       1.83 r
  khu_sensor_top/ads1292_filter/iir_lpf/mult_1/mult_x_1/U1827/Y (NAND2BX2MTR)
                                                          0.32       2.14 f
  khu_sensor_top/ads1292_filter/iir_lpf/mult_1/mult_x_1/U1772/A0 (OAI21X1MTR)
                                                          0.00       2.14 f
  khu_sensor_top/ads1292_filter/iir_lpf/mult_1/mult_x_1/U1772/Y (OAI21X1MTR)
                                                          0.15       2.30 r
  khu_sensor_top/ads1292_filter/iir_lpf/mult_1/mult_x_1/U803/A (XOR2X1MTR)
                                                          0.00       2.30 r
  khu_sensor_top/ads1292_filter/iir_lpf/mult_1/mult_x_1/U803/Y (XOR2X1MTR)
                                                          0.12       2.42 r
  khu_sensor_top/ads1292_filter/iir_lpf/mult_1/mult_x_1/U1738/B (ADDHX1MTR)
                                                          0.00       2.42 r
  khu_sensor_top/ads1292_filter/iir_lpf/mult_1/mult_x_1/U1738/S (ADDHX1MTR)
                                                          0.14       2.55 r
  khu_sensor_top/ads1292_filter/iir_lpf/mult_1/mult_x_1/U636/B (ADDFX1MTR)
                                                          0.00       2.55 r
  khu_sensor_top/ads1292_filter/iir_lpf/mult_1/mult_x_1/U636/CO (ADDFX1MTR)
                                                          0.37       2.92 r
  khu_sensor_top/ads1292_filter/iir_lpf/mult_1/mult_x_1/U629/CI (ADDFX2MTR)
                                                          0.00       2.92 r
  khu_sensor_top/ads1292_filter/iir_lpf/mult_1/mult_x_1/U629/S (ADDFX2MTR)
                                                          0.19       3.11 f
  khu_sensor_top/ads1292_filter/iir_lpf/mult_1/mult_x_1/U626/A (ADDFX1MTR)
                                                          0.00       3.11 f
  khu_sensor_top/ads1292_filter/iir_lpf/mult_1/mult_x_1/U626/CO (ADDFX1MTR)
                                                          0.28       3.39 f
  khu_sensor_top/ads1292_filter/iir_lpf/mult_1/mult_x_1/U618/CI (ADDFHX1MTR)
                                                          0.00       3.39 f
  khu_sensor_top/ads1292_filter/iir_lpf/mult_1/mult_x_1/U618/CO (ADDFHX1MTR)
                                                          0.17       3.56 f
  khu_sensor_top/ads1292_filter/iir_lpf/mult_1/mult_x_1/U1838/B (ADDFX1MTR)
                                                          0.00       3.56 f
  khu_sensor_top/ads1292_filter/iir_lpf/mult_1/mult_x_1/U1838/S (ADDFX1MTR)
                                                          0.32       3.88 f
  khu_sensor_top/ads1292_filter/iir_lpf/mult_1/mult_x_1/U299/A (NOR2X2MTR)
                                                          0.00       3.88 f
  khu_sensor_top/ads1292_filter/iir_lpf/mult_1/mult_x_1/U299/Y (NOR2X2MTR)
                                                          0.10       3.98 r
  khu_sensor_top/ads1292_filter/iir_lpf/mult_1/mult_x_1/U296/A0 (OAI21X2MTR)
                                                          0.00       3.98 r
  khu_sensor_top/ads1292_filter/iir_lpf/mult_1/mult_x_1/U296/Y (OAI21X2MTR)
                                                          0.08       4.06 f
  khu_sensor_top/ads1292_filter/iir_lpf/mult_1/mult_x_1/U280/A1 (AOI21X1MTR)
                                                          0.00       4.06 f
  khu_sensor_top/ads1292_filter/iir_lpf/mult_1/mult_x_1/U280/Y (AOI21X1MTR)
                                                          0.08       4.14 r
  khu_sensor_top/ads1292_filter/iir_lpf/mult_1/mult_x_1/U278/B0 (OAI21X2MTR)
                                                          0.00       4.14 r
  khu_sensor_top/ads1292_filter/iir_lpf/mult_1/mult_x_1/U278/Y (OAI21X2MTR)
                                                          0.06       4.20 f
  khu_sensor_top/ads1292_filter/iir_lpf/mult_1/mult_x_1/U1851/A1 (AOI21X1MTR)
                                                          0.00       4.20 f
  khu_sensor_top/ads1292_filter/iir_lpf/mult_1/mult_x_1/U1851/Y (AOI21X1MTR)
                                                          0.11       4.31 r
  khu_sensor_top/ads1292_filter/iir_lpf/mult_1/mult_x_1/U229/A0 (OAI21X2MTR)
                                                          0.00       4.31 r
  khu_sensor_top/ads1292_filter/iir_lpf/mult_1/mult_x_1/U229/Y (OAI21X2MTR)
                                                          0.09       4.41 f
  khu_sensor_top/ads1292_filter/iir_lpf/mult_1/mult_x_1/U221/A0 (AOI21X4MTR)
                                                          0.00       4.41 f
  khu_sensor_top/ads1292_filter/iir_lpf/mult_1/mult_x_1/U221/Y (AOI21X4MTR)
                                                          0.10       4.51 r
  khu_sensor_top/ads1292_filter/iir_lpf/mult_1/mult_x_1/U215/A0 (OAI21X3MTR)
                                                          0.00       4.51 r
  khu_sensor_top/ads1292_filter/iir_lpf/mult_1/mult_x_1/U215/Y (OAI21X3MTR)
                                                          0.09       4.59 f
  khu_sensor_top/ads1292_filter/iir_lpf/mult_1/mult_x_1/U207/A0 (AOI21X8MTR)
                                                          0.00       4.59 f
  khu_sensor_top/ads1292_filter/iir_lpf/mult_1/mult_x_1/U207/Y (AOI21X8MTR)
                                                          0.09       4.68 r
  khu_sensor_top/ads1292_filter/iir_lpf/mult_1/mult_x_1/U201/A0 (OAI21X6MTR)
                                                          0.00       4.68 r
  khu_sensor_top/ads1292_filter/iir_lpf/mult_1/mult_x_1/U201/Y (OAI21X6MTR)
                                                          0.06       4.74 f
  khu_sensor_top/ads1292_filter/iir_lpf/mult_1/mult_x_1/U193/A0 (AOI21X8MTR)
                                                          0.00       4.74 f
  khu_sensor_top/ads1292_filter/iir_lpf/mult_1/mult_x_1/U193/Y (AOI21X8MTR)
                                                          0.08       4.82 r
  khu_sensor_top/ads1292_filter/iir_lpf/mult_1/mult_x_1/U187/A0 (OAI21X6MTR)
                                                          0.00       4.82 r
  khu_sensor_top/ads1292_filter/iir_lpf/mult_1/mult_x_1/U187/Y (OAI21X6MTR)
                                                          0.06       4.89 f
  khu_sensor_top/ads1292_filter/iir_lpf/mult_1/mult_x_1/U179/A0 (AOI21X8MTR)
                                                          0.00       4.89 f
  khu_sensor_top/ads1292_filter/iir_lpf/mult_1/mult_x_1/U179/Y (AOI21X8MTR)
                                                          0.08       4.97 r
  khu_sensor_top/ads1292_filter/iir_lpf/mult_1/mult_x_1/U173/A0 (OAI21X6MTR)
                                                          0.00       4.97 r
  khu_sensor_top/ads1292_filter/iir_lpf/mult_1/mult_x_1/U173/Y (OAI21X6MTR)
                                                          0.06       5.03 f
  khu_sensor_top/ads1292_filter/iir_lpf/mult_1/mult_x_1/U165/A0 (AOI21X8MTR)
                                                          0.00       5.03 f
  khu_sensor_top/ads1292_filter/iir_lpf/mult_1/mult_x_1/U165/Y (AOI21X8MTR)
                                                          0.08       5.11 r
  khu_sensor_top/ads1292_filter/iir_lpf/mult_1/mult_x_1/U159/A0 (OAI21X6MTR)
                                                          0.00       5.11 r
  khu_sensor_top/ads1292_filter/iir_lpf/mult_1/mult_x_1/U159/Y (OAI21X6MTR)
                                                          0.06       5.17 f
  khu_sensor_top/ads1292_filter/iir_lpf/mult_1/mult_x_1/U151/A0 (AOI21X8MTR)
                                                          0.00       5.17 f
  khu_sensor_top/ads1292_filter/iir_lpf/mult_1/mult_x_1/U151/Y (AOI21X8MTR)
                                                          0.08       5.25 r
  khu_sensor_top/ads1292_filter/iir_lpf/mult_1/mult_x_1/U1910/A0 (OAI21X6MTR)
                                                          0.00       5.25 r
  khu_sensor_top/ads1292_filter/iir_lpf/mult_1/mult_x_1/U1910/Y (OAI21X6MTR)
                                                          0.05       5.30 f
  khu_sensor_top/ads1292_filter/iir_lpf/mult_1/mult_x_1/U1744/A0 (AO21X2MTR)
                                                          0.00       5.30 f
  khu_sensor_top/ads1292_filter/iir_lpf/mult_1/mult_x_1/U1744/Y (AO21X2MTR)
                                                          0.14       5.44 f
  khu_sensor_top/ads1292_filter/iir_lpf/mult_1/mult_x_1/U1911/CI (ADDFHX4MTR)
                                                          0.00       5.44 f
  khu_sensor_top/ads1292_filter/iir_lpf/mult_1/mult_x_1/U1911/CO (ADDFHX4MTR)
                                                          0.12       5.56 f
  khu_sensor_top/ads1292_filter/iir_lpf/mult_1/mult_x_1/U1743/A (XOR2X1MTR)
                                                          0.00       5.56 f
  khu_sensor_top/ads1292_filter/iir_lpf/mult_1/mult_x_1/U1743/Y (XOR2X1MTR)
                                                          0.07       5.63 f
  khu_sensor_top/ads1292_filter/iir_lpf/mult_1/mult_x_1/product[47] (float_multiplier_5_DW_mult_uns_2)
                                                          0.00       5.63 f
  khu_sensor_top/ads1292_filter/iir_lpf/mult_1/U14/A1 (AO22X1MTR)
                                                          0.00       5.63 f
  khu_sensor_top/ads1292_filter/iir_lpf/mult_1/U14/Y (AO22X1MTR)
                                                          0.19       5.82 f
  khu_sensor_top/ads1292_filter/iir_lpf/mult_1/product_reg[49]/D (DFFQX1MTR)
                                                          0.00       5.82 f
  data arrival time                                                  5.82

  clock clk (rise edge)                                   5.40       5.40
  clock network delay (ideal)                             0.75       6.15
  clock uncertainty                                      -0.38       5.77
  khu_sensor_top/ads1292_filter/iir_lpf/mult_1/product_reg[49]/CK (DFFQX1MTR)
                                                          0.00       5.77 r
  library setup time                                      0.05       5.82
  data required time                                                 5.82
  --------------------------------------------------------------------------
  data required time                                                 5.82
  data arrival time                                                 -5.82
  --------------------------------------------------------------------------
  slack (MET)                                                        0.00


  Startpoint: khu_sensor_top/ads1292_filter/o_ADS1292_FILTERED_DATA_VALID_reg
              (rising edge-triggered flip-flop clocked by clk)
  Endpoint: khu_sensor_top/sensor_core/r_ads_ch2_data_out_reg[0]
            (rising edge-triggered flip-flop clocked by clk_half)
  Path Group: clk_half
  Path Type: max

  Point                                                   Incr       Path
  --------------------------------------------------------------------------
  clock clk (rise edge)                                   5.40       5.40
  clock network delay (ideal)                             0.75       6.15
  khu_sensor_top/ads1292_filter/o_ADS1292_FILTERED_DATA_VALID_reg/CK (DFFRQX1MTR)
                                                          0.00 #     6.15 r
  khu_sensor_top/ads1292_filter/o_ADS1292_FILTERED_DATA_VALID_reg/Q (DFFRQX1MTR)
                                                          0.40       6.55 f
  khu_sensor_top/ads1292_filter/o_ADS1292_FILTERED_DATA_VALID (ads1292_filter)
                                                          0.00       6.55 f
  khu_sensor_top/sensor_core/i_ADS1292_FILTERED_DATA_VALID (sensor_core)
                                                          0.00       6.55 f
  khu_sensor_top/sensor_core/U309/AN (NOR3BX1MTR)         0.00       6.55 f
  khu_sensor_top/sensor_core/U309/Y (NOR3BX1MTR)          0.12       6.66 f
  khu_sensor_top/sensor_core/U290/B (NOR2X1MTR)           0.00       6.66 f
  khu_sensor_top/sensor_core/U290/Y (NOR2X1MTR)           0.33       6.99 r
  khu_sensor_top/sensor_core/U289/A (NOR2X1MTR)           0.00       6.99 r
  khu_sensor_top/sensor_core/U289/Y (NOR2X1MTR)           0.31       7.30 f
  khu_sensor_top/sensor_core/U288/B0 (AO22X1MTR)          0.00       7.30 f
  khu_sensor_top/sensor_core/U288/Y (AO22X1MTR)           0.30       7.60 f
  khu_sensor_top/sensor_core/r_ads_ch2_data_out_reg[0]/D (DFFRQX1MTR)
                                                          0.00       7.60 f
  data arrival time                                                  7.60

  clock clk_half (rise edge)                             10.80      10.80
  clock network delay (ideal)                             0.75      11.55
  clock uncertainty                                      -0.76      10.79
  khu_sensor_top/sensor_core/r_ads_ch2_data_out_reg[0]/CK (DFFRQX1MTR)
                                                          0.00      10.79 r
  library setup time                                      0.01      10.80
  data required time                                                10.80
  --------------------------------------------------------------------------
  data required time                                                10.80
  data arrival time                                                 -7.60
  --------------------------------------------------------------------------
  slack (MET)                                                        3.20


1
