 
****************************************
Report : timing
        -path full
        -delay min
        -nworst 10
        -max_paths 10
Design : khu_sensor_pad
Version: L-2016.03-SP5-5
Date   : Thu Nov 19 19:08:20 2020
****************************************

 * Some/all delay information is back-annotated.

 # A fanout number of 1000 was used for high fanout net computations.

Operating Conditions: ss_1p08v_125c   Library: scmetropmk_cmos10lp_rvt_ss_1p08v_125c_sadhm
Wire Load Model Mode: top

  Startpoint: khu_sensor_top/ads1292_filter/iir_hpf/mult/a_s_reg
              (rising edge-triggered flip-flop clocked by clk)
  Endpoint: khu_sensor_top/ads1292_filter/iir_hpf/mult/a_s_reg
            (rising edge-triggered flip-flop clocked by clk)
  Path Group: clk
  Path Type: min

  Point                                                   Incr       Path
  --------------------------------------------------------------------------
  clock clk (rise edge)                                   0.00       0.00
  clock network delay (ideal)                             0.75       0.75
  khu_sensor_top/ads1292_filter/iir_hpf/mult/a_s_reg/CK (DFFSX1MTR)
                                                          0.00 #     0.75 r
  khu_sensor_top/ads1292_filter/iir_hpf/mult/a_s_reg/QN (DFFSX1MTR)
                                                          0.32       1.07 r
  khu_sensor_top/ads1292_filter/iir_hpf/mult/U316/Y (NOR2X1MTR)
                                                          0.04       1.10 f
  khu_sensor_top/ads1292_filter/iir_hpf/mult/a_s_reg/D (DFFSX1MTR)
                                                          0.00       1.10 f
  data arrival time                                                  1.10

  clock clk (rise edge)                                   0.00       0.00
  clock network delay (ideal)                             0.75       0.75
  khu_sensor_top/ads1292_filter/iir_hpf/mult/a_s_reg/CK (DFFSX1MTR)
                                                          0.00       0.75 r
  library hold time                                       0.25       1.00
  data required time                                                 1.00
  --------------------------------------------------------------------------
  data required time                                                 1.00
  data arrival time                                                 -1.10
  --------------------------------------------------------------------------
  slack (MET)                                                        0.11


  Startpoint: khu_sensor_top/ads1292_filter/iir_lpf/add/o_Z_STB_reg
              (rising edge-triggered flip-flop clocked by clk)
  Endpoint: khu_sensor_top/ads1292_filter/iir_lpf/add/o_Z_STB_reg
            (rising edge-triggered flip-flop clocked by clk)
  Path Group: clk
  Path Type: min

  Point                                                   Incr       Path
  --------------------------------------------------------------------------
  clock clk (rise edge)                                   0.00       0.00
  clock network delay (ideal)                             0.75       0.75
  khu_sensor_top/ads1292_filter/iir_lpf/add/o_Z_STB_reg/CK (DFFTRX1MTR)
                                                          0.00 #     0.75 r
  khu_sensor_top/ads1292_filter/iir_lpf/add/o_Z_STB_reg/QN (DFFTRX1MTR)
                                                          0.29       1.04 r
  khu_sensor_top/ads1292_filter/iir_lpf/add/U164/Y (AOI32X1MTR)
                                                          0.05       1.09 f
  khu_sensor_top/ads1292_filter/iir_lpf/add/o_Z_STB_reg/D (DFFTRX1MTR)
                                                          0.00       1.09 f
  data arrival time                                                  1.09

  clock clk (rise edge)                                   0.00       0.00
  clock network delay (ideal)                             0.75       0.75
  khu_sensor_top/ads1292_filter/iir_lpf/add/o_Z_STB_reg/CK (DFFTRX1MTR)
                                                          0.00       0.75 r
  library hold time                                       0.21       0.96
  data required time                                                 0.96
  --------------------------------------------------------------------------
  data required time                                                 0.96
  data arrival time                                                 -1.09
  --------------------------------------------------------------------------
  slack (MET)                                                        0.13


  Startpoint: khu_sensor_top/ads1292_filter/iir_lpf/mult_1/o_Z_STB_reg
              (rising edge-triggered flip-flop clocked by clk)
  Endpoint: khu_sensor_top/ads1292_filter/iir_lpf/mult_1/o_Z_STB_reg
            (rising edge-triggered flip-flop clocked by clk)
  Path Group: clk
  Path Type: min

  Point                                                   Incr       Path
  --------------------------------------------------------------------------
  clock clk (rise edge)                                   0.00       0.00
  clock network delay (ideal)                             0.75       0.75
  khu_sensor_top/ads1292_filter/iir_lpf/mult_1/o_Z_STB_reg/CK (DFFTRX1MTR)
                                                          0.00 #     0.75 r
  khu_sensor_top/ads1292_filter/iir_lpf/mult_1/o_Z_STB_reg/QN (DFFTRX1MTR)
                                                          0.29       1.04 r
  khu_sensor_top/ads1292_filter/iir_lpf/mult_1/U241/Y (AOI32X1MTR)
                                                          0.05       1.09 f
  khu_sensor_top/ads1292_filter/iir_lpf/mult_1/o_Z_STB_reg/D (DFFTRX1MTR)
                                                          0.00       1.09 f
  data arrival time                                                  1.09

  clock clk (rise edge)                                   0.00       0.00
  clock network delay (ideal)                             0.75       0.75
  khu_sensor_top/ads1292_filter/iir_lpf/mult_1/o_Z_STB_reg/CK (DFFTRX1MTR)
                                                          0.00       0.75 r
  library hold time                                       0.21       0.96
  data required time                                                 0.96
  --------------------------------------------------------------------------
  data required time                                                 0.96
  data arrival time                                                 -1.09
  --------------------------------------------------------------------------
  slack (MET)                                                        0.13


  Startpoint: khu_sensor_top/ads1292_filter/iir_lpf/mult_2/o_Z_STB_reg
              (rising edge-triggered flip-flop clocked by clk)
  Endpoint: khu_sensor_top/ads1292_filter/iir_lpf/mult_2/o_Z_STB_reg
            (rising edge-triggered flip-flop clocked by clk)
  Path Group: clk
  Path Type: min

  Point                                                   Incr       Path
  --------------------------------------------------------------------------
  clock clk (rise edge)                                   0.00       0.00
  clock network delay (ideal)                             0.75       0.75
  khu_sensor_top/ads1292_filter/iir_lpf/mult_2/o_Z_STB_reg/CK (DFFTRX1MTR)
                                                          0.00 #     0.75 r
  khu_sensor_top/ads1292_filter/iir_lpf/mult_2/o_Z_STB_reg/QN (DFFTRX1MTR)
                                                          0.29       1.04 r
  khu_sensor_top/ads1292_filter/iir_lpf/mult_2/U354/Y (AOI32X1MTR)
                                                          0.05       1.09 f
  khu_sensor_top/ads1292_filter/iir_lpf/mult_2/o_Z_STB_reg/D (DFFTRX1MTR)
                                                          0.00       1.09 f
  data arrival time                                                  1.09

  clock clk (rise edge)                                   0.00       0.00
  clock network delay (ideal)                             0.75       0.75
  khu_sensor_top/ads1292_filter/iir_lpf/mult_2/o_Z_STB_reg/CK (DFFTRX1MTR)
                                                          0.00       0.75 r
  library hold time                                       0.21       0.96
  data required time                                                 0.96
  --------------------------------------------------------------------------
  data required time                                                 0.96
  data arrival time                                                 -1.09
  --------------------------------------------------------------------------
  slack (MET)                                                        0.13


  Startpoint: khu_sensor_top/ads1292_filter/iir_notch/add_1/o_Z_STB_reg
              (rising edge-triggered flip-flop clocked by clk)
  Endpoint: khu_sensor_top/ads1292_filter/iir_notch/add_1/o_Z_STB_reg
            (rising edge-triggered flip-flop clocked by clk)
  Path Group: clk
  Path Type: min

  Point                                                   Incr       Path
  --------------------------------------------------------------------------
  clock clk (rise edge)                                   0.00       0.00
  clock network delay (ideal)                             0.75       0.75
  khu_sensor_top/ads1292_filter/iir_notch/add_1/o_Z_STB_reg/CK (DFFTRX1MTR)
                                                          0.00 #     0.75 r
  khu_sensor_top/ads1292_filter/iir_notch/add_1/o_Z_STB_reg/QN (DFFTRX1MTR)
                                                          0.29       1.04 r
  khu_sensor_top/ads1292_filter/iir_notch/add_1/U162/Y (AOI32X1MTR)
                                                          0.05       1.09 f
  khu_sensor_top/ads1292_filter/iir_notch/add_1/o_Z_STB_reg/D (DFFTRX1MTR)
                                                          0.00       1.09 f
  data arrival time                                                  1.09

  clock clk (rise edge)                                   0.00       0.00
  clock network delay (ideal)                             0.75       0.75
  khu_sensor_top/ads1292_filter/iir_notch/add_1/o_Z_STB_reg/CK (DFFTRX1MTR)
                                                          0.00       0.75 r
  library hold time                                       0.21       0.96
  data required time                                                 0.96
  --------------------------------------------------------------------------
  data required time                                                 0.96
  data arrival time                                                 -1.09
  --------------------------------------------------------------------------
  slack (MET)                                                        0.13


  Startpoint: khu_sensor_top/ads1292_filter/iir_notch/add_2/o_Z_STB_reg
              (rising edge-triggered flip-flop clocked by clk)
  Endpoint: khu_sensor_top/ads1292_filter/iir_notch/add_2/o_Z_STB_reg
            (rising edge-triggered flip-flop clocked by clk)
  Path Group: clk
  Path Type: min

  Point                                                   Incr       Path
  --------------------------------------------------------------------------
  clock clk (rise edge)                                   0.00       0.00
  clock network delay (ideal)                             0.75       0.75
  khu_sensor_top/ads1292_filter/iir_notch/add_2/o_Z_STB_reg/CK (DFFTRX1MTR)
                                                          0.00 #     0.75 r
  khu_sensor_top/ads1292_filter/iir_notch/add_2/o_Z_STB_reg/QN (DFFTRX1MTR)
                                                          0.29       1.04 r
  khu_sensor_top/ads1292_filter/iir_notch/add_2/U162/Y (AOI32X1MTR)
                                                          0.05       1.09 f
  khu_sensor_top/ads1292_filter/iir_notch/add_2/o_Z_STB_reg/D (DFFTRX1MTR)
                                                          0.00       1.09 f
  data arrival time                                                  1.09

  clock clk (rise edge)                                   0.00       0.00
  clock network delay (ideal)                             0.75       0.75
  khu_sensor_top/ads1292_filter/iir_notch/add_2/o_Z_STB_reg/CK (DFFTRX1MTR)
                                                          0.00       0.75 r
  library hold time                                       0.21       0.96
  data required time                                                 0.96
  --------------------------------------------------------------------------
  data required time                                                 0.96
  data arrival time                                                 -1.09
  --------------------------------------------------------------------------
  slack (MET)                                                        0.13


  Startpoint: khu_sensor_top/ads1292_filter/iir_notch/mult_1/o_Z_STB_reg
              (rising edge-triggered flip-flop clocked by clk)
  Endpoint: khu_sensor_top/ads1292_filter/iir_notch/mult_1/o_Z_STB_reg
            (rising edge-triggered flip-flop clocked by clk)
  Path Group: clk
  Path Type: min

  Point                                                   Incr       Path
  --------------------------------------------------------------------------
  clock clk (rise edge)                                   0.00       0.00
  clock network delay (ideal)                             0.75       0.75
  khu_sensor_top/ads1292_filter/iir_notch/mult_1/o_Z_STB_reg/CK (DFFTRX1MTR)
                                                          0.00 #     0.75 r
  khu_sensor_top/ads1292_filter/iir_notch/mult_1/o_Z_STB_reg/QN (DFFTRX1MTR)
                                                          0.29       1.04 r
  khu_sensor_top/ads1292_filter/iir_notch/mult_1/U341/Y (AOI32X1MTR)
                                                          0.05       1.09 f
  khu_sensor_top/ads1292_filter/iir_notch/mult_1/o_Z_STB_reg/D (DFFTRX1MTR)
                                                          0.00       1.09 f
  data arrival time                                                  1.09

  clock clk (rise edge)                                   0.00       0.00
  clock network delay (ideal)                             0.75       0.75
  khu_sensor_top/ads1292_filter/iir_notch/mult_1/o_Z_STB_reg/CK (DFFTRX1MTR)
                                                          0.00       0.75 r
  library hold time                                       0.21       0.96
  data required time                                                 0.96
  --------------------------------------------------------------------------
  data required time                                                 0.96
  data arrival time                                                 -1.09
  --------------------------------------------------------------------------
  slack (MET)                                                        0.13


  Startpoint: khu_sensor_top/ads1292_filter/iir_notch/mult_2/o_Z_STB_reg
              (rising edge-triggered flip-flop clocked by clk)
  Endpoint: khu_sensor_top/ads1292_filter/iir_notch/mult_2/o_Z_STB_reg
            (rising edge-triggered flip-flop clocked by clk)
  Path Group: clk
  Path Type: min

  Point                                                   Incr       Path
  --------------------------------------------------------------------------
  clock clk (rise edge)                                   0.00       0.00
  clock network delay (ideal)                             0.75       0.75
  khu_sensor_top/ads1292_filter/iir_notch/mult_2/o_Z_STB_reg/CK (DFFTRX1MTR)
                                                          0.00 #     0.75 r
  khu_sensor_top/ads1292_filter/iir_notch/mult_2/o_Z_STB_reg/QN (DFFTRX1MTR)
                                                          0.29       1.04 r
  khu_sensor_top/ads1292_filter/iir_notch/mult_2/U354/Y (AOI32X1MTR)
                                                          0.05       1.09 f
  khu_sensor_top/ads1292_filter/iir_notch/mult_2/o_Z_STB_reg/D (DFFTRX1MTR)
                                                          0.00       1.09 f
  data arrival time                                                  1.09

  clock clk (rise edge)                                   0.00       0.00
  clock network delay (ideal)                             0.75       0.75
  khu_sensor_top/ads1292_filter/iir_notch/mult_2/o_Z_STB_reg/CK (DFFTRX1MTR)
                                                          0.00       0.75 r
  library hold time                                       0.21       0.96
  data required time                                                 0.96
  --------------------------------------------------------------------------
  data required time                                                 0.96
  data arrival time                                                 -1.09
  --------------------------------------------------------------------------
  slack (MET)                                                        0.13


  Startpoint: khu_sensor_top/ads1292_filter/iir_hpf/add/o_Z_STB_reg
              (rising edge-triggered flip-flop clocked by clk)
  Endpoint: khu_sensor_top/ads1292_filter/iir_hpf/add/o_Z_STB_reg
            (rising edge-triggered flip-flop clocked by clk)
  Path Group: clk
  Path Type: min

  Point                                                   Incr       Path
  --------------------------------------------------------------------------
  clock clk (rise edge)                                   0.00       0.00
  clock network delay (ideal)                             0.75       0.75
  khu_sensor_top/ads1292_filter/iir_hpf/add/o_Z_STB_reg/CK (DFFTRX1MTR)
                                                          0.00 #     0.75 r
  khu_sensor_top/ads1292_filter/iir_hpf/add/o_Z_STB_reg/QN (DFFTRX1MTR)
                                                          0.29       1.04 r
  khu_sensor_top/ads1292_filter/iir_hpf/add/U165/Y (AOI32X1MTR)
                                                          0.05       1.09 f
  khu_sensor_top/ads1292_filter/iir_hpf/add/o_Z_STB_reg/D (DFFTRX1MTR)
                                                          0.00       1.09 f
  data arrival time                                                  1.09

  clock clk (rise edge)                                   0.00       0.00
  clock network delay (ideal)                             0.75       0.75
  khu_sensor_top/ads1292_filter/iir_hpf/add/o_Z_STB_reg/CK (DFFTRX1MTR)
                                                          0.00       0.75 r
  library hold time                                       0.21       0.96
  data required time                                                 0.96
  --------------------------------------------------------------------------
  data required time                                                 0.96
  data arrival time                                                 -1.09
  --------------------------------------------------------------------------
  slack (MET)                                                        0.13


  Startpoint: khu_sensor_top/ads1292_filter/iir_hpf/mult/o_Z_STB_reg
              (rising edge-triggered flip-flop clocked by clk)
  Endpoint: khu_sensor_top/ads1292_filter/iir_hpf/mult/o_Z_STB_reg
            (rising edge-triggered flip-flop clocked by clk)
  Path Group: clk
  Path Type: min

  Point                                                   Incr       Path
  --------------------------------------------------------------------------
  clock clk (rise edge)                                   0.00       0.00
  clock network delay (ideal)                             0.75       0.75
  khu_sensor_top/ads1292_filter/iir_hpf/mult/o_Z_STB_reg/CK (DFFTRX1MTR)
                                                          0.00 #     0.75 r
  khu_sensor_top/ads1292_filter/iir_hpf/mult/o_Z_STB_reg/QN (DFFTRX1MTR)
                                                          0.29       1.04 r
  khu_sensor_top/ads1292_filter/iir_hpf/mult/U366/Y (AOI32X1MTR)
                                                          0.05       1.09 f
  khu_sensor_top/ads1292_filter/iir_hpf/mult/o_Z_STB_reg/D (DFFTRX1MTR)
                                                          0.00       1.09 f
  data arrival time                                                  1.09

  clock clk (rise edge)                                   0.00       0.00
  clock network delay (ideal)                             0.75       0.75
  khu_sensor_top/ads1292_filter/iir_hpf/mult/o_Z_STB_reg/CK (DFFTRX1MTR)
                                                          0.00       0.75 r
  library hold time                                       0.21       0.96
  data required time                                                 0.96
  --------------------------------------------------------------------------
  data required time                                                 0.96
  data arrival time                                                 -1.09
  --------------------------------------------------------------------------
  slack (MET)                                                        0.13


  Startpoint: khu_sensor_top/uart_controller/uart_rx/r_Rx_Data_R_reg
              (rising edge-triggered flip-flop clocked by clk_half)
  Endpoint: khu_sensor_top/uart_controller/uart_rx/r_Rx_Data_reg
            (rising edge-triggered flip-flop clocked by clk_half)
  Path Group: clk_half
  Path Type: min

  Point                                                   Incr       Path
  --------------------------------------------------------------------------
  clock clk_half (rise edge)                              0.00       0.00
  clock network delay (ideal)                             0.75       0.75
  khu_sensor_top/uart_controller/uart_rx/r_Rx_Data_R_reg/CK (DFFSQX2MTR)
                                                          0.00       0.75 r
  khu_sensor_top/uart_controller/uart_rx/r_Rx_Data_R_reg/Q (DFFSQX2MTR)
                                                          0.36       1.11 f
  khu_sensor_top/uart_controller/uart_rx/r_Rx_Data_reg/D (DFFSQX1MTR)
                                                          0.00       1.11 f
  data arrival time                                                  1.11

  clock clk_half (rise edge)                              0.00       0.00
  clock network delay (ideal)                             0.75       0.75
  khu_sensor_top/uart_controller/uart_rx/r_Rx_Data_reg/CK (DFFSQX1MTR)
                                                          0.00       0.75 r
  library hold time                                       0.24       0.99
  data required time                                                 0.99
  --------------------------------------------------------------------------
  data required time                                                 0.99
  data arrival time                                                 -1.11
  --------------------------------------------------------------------------
  slack (MET)                                                        0.12


  Startpoint: khu_sensor_top/sensor_core/r_uart_clk_counter_reg[1]
              (rising edge-triggered flip-flop clocked by clk_half)
  Endpoint: khu_sensor_top/sensor_core/r_uart_clk_counter_reg[1]
            (rising edge-triggered flip-flop clocked by clk_half)
  Path Group: clk_half
  Path Type: min

  Point                                                   Incr       Path
  --------------------------------------------------------------------------
  clock clk_half (rise edge)                              0.00       0.00
  clock network delay (ideal)                             0.75       0.75
  khu_sensor_top/sensor_core/r_uart_clk_counter_reg[1]/CK (DFFRQX1MTR)
                                                          0.00       0.75 r
  khu_sensor_top/sensor_core/r_uart_clk_counter_reg[1]/Q (DFFRQX1MTR)
                                                          0.35       1.10 r
  khu_sensor_top/sensor_core/U514/Y (XNOR2X1MTR)          0.04       1.14 f
  khu_sensor_top/sensor_core/r_uart_clk_counter_reg[1]/D (DFFRQX1MTR)
                                                          0.00       1.14 f
  data arrival time                                                  1.14

  clock clk_half (rise edge)                              0.00       0.00
  clock network delay (ideal)                             0.75       0.75
  khu_sensor_top/sensor_core/r_uart_clk_counter_reg[1]/CK (DFFRQX1MTR)
                                                          0.00       0.75 r
  library hold time                                       0.23       0.98
  data required time                                                 0.98
  --------------------------------------------------------------------------
  data required time                                                 0.98
  data arrival time                                                 -1.14
  --------------------------------------------------------------------------
  slack (MET)                                                        0.16


  Startpoint: khu_sensor_top/sensor_core/r_uart_clk_counter_reg[2]
              (rising edge-triggered flip-flop clocked by clk_half)
  Endpoint: khu_sensor_top/sensor_core/r_uart_clk_counter_reg[2]
            (rising edge-triggered flip-flop clocked by clk_half)
  Path Group: clk_half
  Path Type: min

  Point                                                   Incr       Path
  --------------------------------------------------------------------------
  clock clk_half (rise edge)                              0.00       0.00
  clock network delay (ideal)                             0.75       0.75
  khu_sensor_top/sensor_core/r_uart_clk_counter_reg[2]/CK (DFFRQX1MTR)
                                                          0.00       0.75 r
  khu_sensor_top/sensor_core/r_uart_clk_counter_reg[2]/Q (DFFRQX1MTR)
                                                          0.35       1.10 r
  khu_sensor_top/sensor_core/U513/Y (XOR2X1MTR)           0.04       1.14 f
  khu_sensor_top/sensor_core/r_uart_clk_counter_reg[2]/D (DFFRQX1MTR)
                                                          0.00       1.14 f
  data arrival time                                                  1.14

  clock clk_half (rise edge)                              0.00       0.00
  clock network delay (ideal)                             0.75       0.75
  khu_sensor_top/sensor_core/r_uart_clk_counter_reg[2]/CK (DFFRQX1MTR)
                                                          0.00       0.75 r
  library hold time                                       0.23       0.98
  data required time                                                 0.98
  --------------------------------------------------------------------------
  data required time                                                 0.98
  data arrival time                                                 -1.14
  --------------------------------------------------------------------------
  slack (MET)                                                        0.16


  Startpoint: khu_sensor_top/uart_controller/r_data_counter_reg[0]
              (rising edge-triggered flip-flop clocked by clk_half)
  Endpoint: khu_sensor_top/uart_controller/r_data_counter_reg[0]
            (rising edge-triggered flip-flop clocked by clk_half)
  Path Group: clk_half
  Path Type: min

  Point                                                   Incr       Path
  --------------------------------------------------------------------------
  clock clk_half (rise edge)                              0.00       0.00
  clock network delay (ideal)                             0.75       0.75
  khu_sensor_top/uart_controller/r_data_counter_reg[0]/CK (DFFRQX1MTR)
                                                          0.00       0.75 r
  khu_sensor_top/uart_controller/r_data_counter_reg[0]/Q (DFFRQX1MTR)
                                                          0.35       1.10 r
  khu_sensor_top/uart_controller/U20/Y (OAI32X1MTR)       0.04       1.15 f
  khu_sensor_top/uart_controller/r_data_counter_reg[0]/D (DFFRQX1MTR)
                                                          0.00       1.15 f
  data arrival time                                                  1.15

  clock clk_half (rise edge)                              0.00       0.00
  clock network delay (ideal)                             0.75       0.75
  khu_sensor_top/uart_controller/r_data_counter_reg[0]/CK (DFFRQX1MTR)
                                                          0.00       0.75 r
  library hold time                                       0.23       0.98
  data required time                                                 0.98
  --------------------------------------------------------------------------
  data required time                                                 0.98
  data arrival time                                                 -1.15
  --------------------------------------------------------------------------
  slack (MET)                                                        0.16


  Startpoint: khu_sensor_top/uart_controller/r_data_counter_reg[0]
              (rising edge-triggered flip-flop clocked by clk_half)
  Endpoint: khu_sensor_top/uart_controller/r_data_counter_reg[0]
            (rising edge-triggered flip-flop clocked by clk_half)
  Path Group: clk_half
  Path Type: min

  Point                                                   Incr       Path
  --------------------------------------------------------------------------
  clock clk_half (rise edge)                              0.00       0.00
  clock network delay (ideal)                             0.75       0.75
  khu_sensor_top/uart_controller/r_data_counter_reg[0]/CK (DFFRQX1MTR)
                                                          0.00       0.75 r
  khu_sensor_top/uart_controller/r_data_counter_reg[0]/Q (DFFRQX1MTR)
                                                          0.35       1.10 r
  khu_sensor_top/uart_controller/U20/Y (OAI32X1MTR)       0.05       1.15 f
  khu_sensor_top/uart_controller/r_data_counter_reg[0]/D (DFFRQX1MTR)
                                                          0.00       1.15 f
  data arrival time                                                  1.15

  clock clk_half (rise edge)                              0.00       0.00
  clock network delay (ideal)                             0.75       0.75
  khu_sensor_top/uart_controller/r_data_counter_reg[0]/CK (DFFRQX1MTR)
                                                          0.00       0.75 r
  library hold time                                       0.23       0.98
  data required time                                                 0.98
  --------------------------------------------------------------------------
  data required time                                                 0.98
  data arrival time                                                 -1.15
  --------------------------------------------------------------------------
  slack (MET)                                                        0.16


  Startpoint: khu_sensor_top/uart_controller/r_data_counter_reg[0]
              (rising edge-triggered flip-flop clocked by clk_half)
  Endpoint: khu_sensor_top/uart_controller/r_data_counter_reg[0]
            (rising edge-triggered flip-flop clocked by clk_half)
  Path Group: clk_half
  Path Type: min

  Point                                                   Incr       Path
  --------------------------------------------------------------------------
  clock clk_half (rise edge)                              0.00       0.00
  clock network delay (ideal)                             0.75       0.75
  khu_sensor_top/uart_controller/r_data_counter_reg[0]/CK (DFFRQX1MTR)
                                                          0.00       0.75 r
  khu_sensor_top/uart_controller/r_data_counter_reg[0]/Q (DFFRQX1MTR)
                                                          0.35       1.10 r
  khu_sensor_top/uart_controller/U20/Y (OAI32X1MTR)       0.05       1.15 f
  khu_sensor_top/uart_controller/r_data_counter_reg[0]/D (DFFRQX1MTR)
                                                          0.00       1.15 f
  data arrival time                                                  1.15

  clock clk_half (rise edge)                              0.00       0.00
  clock network delay (ideal)                             0.75       0.75
  khu_sensor_top/uart_controller/r_data_counter_reg[0]/CK (DFFRQX1MTR)
                                                          0.00       0.75 r
  library hold time                                       0.23       0.98
  data required time                                                 0.98
  --------------------------------------------------------------------------
  data required time                                                 0.98
  data arrival time                                                 -1.15
  --------------------------------------------------------------------------
  slack (MET)                                                        0.16


  Startpoint: khu_sensor_top/sensor_core/r_mpr_chip_set_done_reg
              (rising edge-triggered flip-flop clocked by clk_half)
  Endpoint: khu_sensor_top/sensor_core/r_mpr_chip_set_reg
            (rising edge-triggered flip-flop clocked by clk_half)
  Path Group: clk_half
  Path Type: min

  Point                                                   Incr       Path
  --------------------------------------------------------------------------
  clock clk_half (rise edge)                              0.00       0.00
  clock network delay (ideal)                             0.75       0.75
  khu_sensor_top/sensor_core/r_mpr_chip_set_done_reg/CK (DFFRQX1MTR)
                                                          0.00       0.75 r
  khu_sensor_top/sensor_core/r_mpr_chip_set_done_reg/Q (DFFRQX1MTR)
                                                          0.34       1.09 r
  khu_sensor_top/sensor_core/U220/Y (OAI2B2X1MTR)         0.06       1.15 f
  khu_sensor_top/sensor_core/r_mpr_chip_set_reg/D (DFFRQX1MTR)
                                                          0.00       1.15 f
  data arrival time                                                  1.15

  clock clk_half (rise edge)                              0.00       0.00
  clock network delay (ideal)                             0.75       0.75
  khu_sensor_top/sensor_core/r_mpr_chip_set_reg/CK (DFFRQX1MTR)
                                                          0.00       0.75 r
  library hold time                                       0.23       0.98
  data required time                                                 0.98
  --------------------------------------------------------------------------
  data required time                                                 0.98
  data arrival time                                                 -1.15
  --------------------------------------------------------------------------
  slack (MET)                                                        0.17


  Startpoint: khu_sensor_top/sensor_core/r_ads_chip_set_done_reg
              (rising edge-triggered flip-flop clocked by clk_half)
  Endpoint: khu_sensor_top/sensor_core/r_ads_chip_set_reg
            (rising edge-triggered flip-flop clocked by clk_half)
  Path Group: clk_half
  Path Type: min

  Point                                                   Incr       Path
  --------------------------------------------------------------------------
  clock clk_half (rise edge)                              0.00       0.00
  clock network delay (ideal)                             0.75       0.75
  khu_sensor_top/sensor_core/r_ads_chip_set_done_reg/CK (DFFRQX1MTR)
                                                          0.00       0.75 r
  khu_sensor_top/sensor_core/r_ads_chip_set_done_reg/Q (DFFRQX1MTR)
                                                          0.34       1.09 r
  khu_sensor_top/sensor_core/U171/Y (OAI2B2X1MTR)         0.06       1.15 f
  khu_sensor_top/sensor_core/r_ads_chip_set_reg/D (DFFRQX1MTR)
                                                          0.00       1.15 f
  data arrival time                                                  1.15

  clock clk_half (rise edge)                              0.00       0.00
  clock network delay (ideal)                             0.75       0.75
  khu_sensor_top/sensor_core/r_ads_chip_set_reg/CK (DFFRQX1MTR)
                                                          0.00       0.75 r
  library hold time                                       0.23       0.98
  data required time                                                 0.98
  --------------------------------------------------------------------------
  data required time                                                 0.98
  data arrival time                                                 -1.15
  --------------------------------------------------------------------------
  slack (MET)                                                        0.17


  Startpoint: khu_sensor_top/uart_controller/r_data_counter_reg[0]
              (rising edge-triggered flip-flop clocked by clk_half)
  Endpoint: khu_sensor_top/uart_controller/r_data_counter_reg[0]
            (rising edge-triggered flip-flop clocked by clk_half)
  Path Group: clk_half
  Path Type: min

  Point                                                   Incr       Path
  --------------------------------------------------------------------------
  clock clk_half (rise edge)                              0.00       0.00
  clock network delay (ideal)                             0.75       0.75
  khu_sensor_top/uart_controller/r_data_counter_reg[0]/CK (DFFRQX1MTR)
                                                          0.00       0.75 r
  khu_sensor_top/uart_controller/r_data_counter_reg[0]/Q (DFFRQX1MTR)
                                                          0.35       1.10 r
  khu_sensor_top/uart_controller/U20/Y (OAI32X1MTR)       0.05       1.15 f
  khu_sensor_top/uart_controller/r_data_counter_reg[0]/D (DFFRQX1MTR)
                                                          0.00       1.15 f
  data arrival time                                                  1.15

  clock clk_half (rise edge)                              0.00       0.00
  clock network delay (ideal)                             0.75       0.75
  khu_sensor_top/uart_controller/r_data_counter_reg[0]/CK (DFFRQX1MTR)
                                                          0.00       0.75 r
  library hold time                                       0.23       0.98
  data required time                                                 0.98
  --------------------------------------------------------------------------
  data required time                                                 0.98
  data arrival time                                                 -1.15
  --------------------------------------------------------------------------
  slack (MET)                                                        0.17


  Startpoint: khu_sensor_top/uart_controller/r_data_counter_reg[0]
              (rising edge-triggered flip-flop clocked by clk_half)
  Endpoint: khu_sensor_top/uart_controller/r_data_counter_reg[0]
            (rising edge-triggered flip-flop clocked by clk_half)
  Path Group: clk_half
  Path Type: min

  Point                                                   Incr       Path
  --------------------------------------------------------------------------
  clock clk_half (rise edge)                              0.00       0.00
  clock network delay (ideal)                             0.75       0.75
  khu_sensor_top/uart_controller/r_data_counter_reg[0]/CK (DFFRQX1MTR)
                                                          0.00       0.75 r
  khu_sensor_top/uart_controller/r_data_counter_reg[0]/Q (DFFRQX1MTR)
                                                          0.35       1.10 r
  khu_sensor_top/uart_controller/U20/Y (OAI32X1MTR)       0.06       1.16 f
  khu_sensor_top/uart_controller/r_data_counter_reg[0]/D (DFFRQX1MTR)
                                                          0.00       1.16 f
  data arrival time                                                  1.16

  clock clk_half (rise edge)                              0.00       0.00
  clock network delay (ideal)                             0.75       0.75
  khu_sensor_top/uart_controller/r_data_counter_reg[0]/CK (DFFRQX1MTR)
                                                          0.00       0.75 r
  library hold time                                       0.23       0.98
  data required time                                                 0.98
  --------------------------------------------------------------------------
  data required time                                                 0.98
  data arrival time                                                 -1.16
  --------------------------------------------------------------------------
  slack (MET)                                                        0.17


1
