 
****************************************
Report : net fanout
        -threshold 100
Design : khu_sensor_pad
Scenario(s): func1_wst
Version: N-2017.09
Date   : Thu Nov 19 19:28:15 2020
****************************************


Operating Conditions: ss_1p08v_125c   Library: scmetro_cmos10lp_rvt_ss_1p08v_125c_sadhm
Wire Load Model Mode: top


Attributes:
   dr - drc disabled
    c - annotated capacitance
    d - dont_touch
    i - ideal_net
    I - ideal_network
    p - includes pin load
    r - annotated resistance
    h - high fanout

Net                 Fanout   Attributes   Capacitance   Driver
--------------------------------------------------------------------------------
w_clk_p                363   dr, c            1.91      pad3/Y
khu_sensor_top/ads1292_controller/N79
                       115   c, d, I          0.00      khu_sensor_top/ads1292_controller/async_rstn_synchronizer/o_RSTN_reg/Q
khu_sensor_top/ads1292_filter/N17
                       215   c, d, I          0.00      khu_sensor_top/ads1292_filter/async_rstn_synchronizer/o_RSTN_reg/Q
khu_sensor_top/sensor_core/N116
                       265   c, d, I          0.00      khu_sensor_top/sensor_core/U651/Y
khu_sensor_top/ads1292_filter/iir_hpf/w_rstn
                       235   c, d, I          0.00      khu_sensor_top/ads1292_filter/iir_hpf/async_rstn_synchronizer/o_RSTN_reg/Q
khu_sensor_top/ads1292_filter/iir_notch/w_rstn
                       609   c, d, I          0.00      khu_sensor_top/ads1292_filter/iir_notch/async_rstn_synchronizer/o_RSTN_reg/Q
khu_sensor_top/ads1292_filter/iir_lpf/w_rstn
                       333   c, d, I          0.00      khu_sensor_top/ads1292_filter/iir_lpf/async_rstn_synchronizer/o_RSTN_reg/Q
khu_sensor_top/ads1292_filter/converter_i2f/net18110
                       101                    0.18      khu_sensor_top/ads1292_filter/converter_i2f/*cell*10250/**logic_1**
khu_sensor_top/ads1292_filter/iir_hpf/add/net18172
                       104                    0.19      khu_sensor_top/ads1292_filter/iir_hpf/add/*cell*10312/**logic_1**
khu_sensor_top/ads1292_filter/iir_notch/add_2/net18179
                       104                    0.19      khu_sensor_top/ads1292_filter/iir_notch/add_2/*cell*10319/**logic_1**
khu_sensor_top/ads1292_filter/iir_notch/add_1/net18180
                       104                    0.19      khu_sensor_top/ads1292_filter/iir_notch/add_1/*cell*10320/**logic_1**
khu_sensor_top/ads1292_filter/iir_lpf/mult_1/net18199
                       160                    0.29      khu_sensor_top/ads1292_filter/iir_lpf/mult_1/*cell*10339/**logic_1**
khu_sensor_top/ads1292_filter/iir_lpf/add/net18200
                       104                    0.19      khu_sensor_top/ads1292_filter/iir_lpf/add/*cell*10340/**logic_1**
1
